Archive member included because of file (symbol)

c:/program files (x86)/atollic/truestudio for arm 5.4.2/armtools/bin/../lib/gcc/arm-atollic-eabi/4.8.3/../../../../arm-atollic-eabi/lib/armv6-m\libc.a(lib_a-atoff.o)
                              Src\main.o (atoff)
c:/program files (x86)/atollic/truestudio for arm 5.4.2/armtools/bin/../lib/gcc/arm-atollic-eabi/4.8.3/../../../../arm-atollic-eabi/lib/armv6-m\libc.a(lib_a-atoi.o)
                              Src\main.o (atoi)
c:/program files (x86)/atollic/truestudio for arm 5.4.2/armtools/bin/../lib/gcc/arm-atollic-eabi/4.8.3/../../../../arm-atollic-eabi/lib/armv6-m\libc.a(lib_a-init.o)
                              Drivers\CMSIS\Device\ST\STM32L0xx\Source\Templates\gcc\startup_stm32l052xx.o (__libc_init_array)
c:/program files (x86)/atollic/truestudio for arm 5.4.2/armtools/bin/../lib/gcc/arm-atollic-eabi/4.8.3/../../../../arm-atollic-eabi/lib/armv6-m\libc.a(lib_a-malloc.o)
                              Src\main.o (malloc)
c:/program files (x86)/atollic/truestudio for arm 5.4.2/armtools/bin/../lib/gcc/arm-atollic-eabi/4.8.3/../../../../arm-atollic-eabi/lib/armv6-m\libc.a(lib_a-mallocr.o)
                              c:/program files (x86)/atollic/truestudio for arm 5.4.2/armtools/bin/../lib/gcc/arm-atollic-eabi/4.8.3/../../../../arm-atollic-eabi/lib/armv6-m\libc.a(lib_a-malloc.o) (_malloc_r)
c:/program files (x86)/atollic/truestudio for arm 5.4.2/armtools/bin/../lib/gcc/arm-atollic-eabi/4.8.3/../../../../arm-atollic-eabi/lib/armv6-m\libc.a(lib_a-memcpy-stub.o)
                              Src\1602.o (memcpy)
c:/program files (x86)/atollic/truestudio for arm 5.4.2/armtools/bin/../lib/gcc/arm-atollic-eabi/4.8.3/../../../../arm-atollic-eabi/lib/armv6-m\libc.a(lib_a-mlock.o)
                              c:/program files (x86)/atollic/truestudio for arm 5.4.2/armtools/bin/../lib/gcc/arm-atollic-eabi/4.8.3/../../../../arm-atollic-eabi/lib/armv6-m\libc.a(lib_a-mallocr.o) (__malloc_lock)
c:/program files (x86)/atollic/truestudio for arm 5.4.2/armtools/bin/../lib/gcc/arm-atollic-eabi/4.8.3/../../../../arm-atollic-eabi/lib/armv6-m\libc.a(lib_a-sbrkr.o)
                              c:/program files (x86)/atollic/truestudio for arm 5.4.2/armtools/bin/../lib/gcc/arm-atollic-eabi/4.8.3/../../../../arm-atollic-eabi/lib/armv6-m\libc.a(lib_a-mallocr.o) (_sbrk_r)
c:/program files (x86)/atollic/truestudio for arm 5.4.2/armtools/bin/../lib/gcc/arm-atollic-eabi/4.8.3/../../../../arm-atollic-eabi/lib/armv6-m\libc.a(lib_a-sprintf.o)
                              Src\main.o (sprintf)
c:/program files (x86)/atollic/truestudio for arm 5.4.2/armtools/bin/../lib/gcc/arm-atollic-eabi/4.8.3/../../../../arm-atollic-eabi/lib/armv6-m\libc.a(lib_a-strcmp.o)
                              Src\main.o (strcmp)
c:/program files (x86)/atollic/truestudio for arm 5.4.2/armtools/bin/../lib/gcc/arm-atollic-eabi/4.8.3/../../../../arm-atollic-eabi/lib/armv6-m\libc.a(lib_a-strcpy.o)
                              Src\main.o (strcpy)
c:/program files (x86)/atollic/truestudio for arm 5.4.2/armtools/bin/../lib/gcc/arm-atollic-eabi/4.8.3/../../../../arm-atollic-eabi/lib/armv6-m\libc.a(lib_a-strlen.o)
                              Src\main.o (strlen)
c:/program files (x86)/atollic/truestudio for arm 5.4.2/armtools/bin/../lib/gcc/arm-atollic-eabi/4.8.3/../../../../arm-atollic-eabi/lib/armv6-m\libc.a(lib_a-strtod.o)
                              c:/program files (x86)/atollic/truestudio for arm 5.4.2/armtools/bin/../lib/gcc/arm-atollic-eabi/4.8.3/../../../../arm-atollic-eabi/lib/armv6-m\libc.a(lib_a-atoff.o) (strtof)
c:/program files (x86)/atollic/truestudio for arm 5.4.2/armtools/bin/../lib/gcc/arm-atollic-eabi/4.8.3/../../../../arm-atollic-eabi/lib/armv6-m\libc.a(lib_a-strtol.o)
                              c:/program files (x86)/atollic/truestudio for arm 5.4.2/armtools/bin/../lib/gcc/arm-atollic-eabi/4.8.3/../../../../arm-atollic-eabi/lib/armv6-m\libc.a(lib_a-atoi.o) (_strtol_r)
c:/program files (x86)/atollic/truestudio for arm 5.4.2/armtools/bin/../lib/gcc/arm-atollic-eabi/4.8.3/../../../../arm-atollic-eabi/lib/armv6-m\libc.a(lib_a-svfprintf.o)
                              c:/program files (x86)/atollic/truestudio for arm 5.4.2/armtools/bin/../lib/gcc/arm-atollic-eabi/4.8.3/../../../../arm-atollic-eabi/lib/armv6-m\libc.a(lib_a-sprintf.o) (_svfprintf_r)
c:/program files (x86)/atollic/truestudio for arm 5.4.2/armtools/bin/../lib/gcc/arm-atollic-eabi/4.8.3/../../../../arm-atollic-eabi/lib/armv6-m\libc.a(lib_a-syscalls.o)
                              c:/program files (x86)/atollic/truestudio for arm 5.4.2/armtools/bin/../lib/gcc/arm-atollic-eabi/4.8.3/../../../../arm-atollic-eabi/lib/armv6-m\libc.a(lib_a-sbrkr.o) (_sbrk)
c:/program files (x86)/atollic/truestudio for arm 5.4.2/armtools/bin/../lib/gcc/arm-atollic-eabi/4.8.3/../../../../arm-atollic-eabi/lib/armv6-m\libc.a(lib_a-ctype_.o)
[...]
Memory Configuration

Name             Origin             Length             Attributes
FLASH            0x08000000         0x00010000         xr
RAM              0x20000000         0x00002000         xrw
*default*        0x00000000         0xffffffff

Linker script and memory map

LOAD c:/program files (x86)/atollic/truestudio for arm 5.4.2/armtools/bin/../lib/gcc/arm-atollic-eabi/4.8.3/armv6-m/crti.o
LOAD c:/program files (x86)/atollic/truestudio for arm 5.4.2/armtools/bin/../lib/gcc/arm-atollic-eabi/4.8.3/armv6-m/crtbegin.o
LOAD Src\stm32l0xx_it.o
LOAD Src\stm32l0xx_hal_msp.o
LOAD Src\main.o
LOAD Src\hw.o
LOAD Src\1602.o
LOAD Drivers\STM32L0xx_HAL_Driver\Src\stm32l0xx_hal_uart_ex.o
LOAD Drivers\STM32L0xx_HAL_Driver\Src\stm32l0xx_hal_uart.o
LOAD Drivers\STM32L0xx_HAL_Driver\Src\stm32l0xx_hal_tim_ex.o
LOAD Drivers\STM32L0xx_HAL_Driver\Src\stm32l0xx_hal_tim.o
LOAD Drivers\STM32L0xx_HAL_Driver\Src\stm32l0xx_hal_spi.o
LOAD Drivers\STM32L0xx_HAL_Driver\Src\stm32l0xx_hal_rcc_ex.o
LOAD Drivers\STM32L0xx_HAL_Driver\Src\stm32l0xx_hal_rcc.o
LOAD Drivers\STM32L0xx_HAL_Driver\Src\stm32l0xx_hal_pwr_ex.o
LOAD Drivers\STM32L0xx_HAL_Driver\Src\stm32l0xx_hal_pwr.o
LOAD Drivers\STM32L0xx_HAL_Driver\Src\stm32l0xx_hal_i2c_ex.o
LOAD Drivers\STM32L0xx_HAL_Driver\Src\stm32l0xx_hal_i2c.o
LOAD Drivers\STM32L0xx_HAL_Driver\Src\stm32l0xx_hal_gpio.o
LOAD Drivers\STM32L0xx_HAL_Driver\Src\stm32l0xx_hal_flash_ramfunc.o
LOAD Drivers\STM32L0xx_HAL_Driver\Src\stm32l0xx_hal_flash_ex.o
LOAD Drivers\STM32L0xx_HAL_Driver\Src\stm32l0xx_hal_flash.o
LOAD Drivers\STM32L0xx_HAL_Driver\Src\stm32l0xx_hal_dma.o
LOAD Drivers\STM32L0xx_HAL_Driver\Src\stm32l0xx_hal_cortex.o
LOAD Drivers\STM32L0xx_HAL_Driver\Src\stm32l0xx_hal_adc_ex.o
LOAD Drivers\STM32L0xx_HAL_Driver\Src\stm32l0xx_hal_adc.o
LOAD Drivers\STM32L0xx_HAL_Driver\Src\stm32l0xx_hal.o
LOAD Drivers\SDCard\sdcard.o
LOAD Drivers\CMSIS\Device\ST\STM32L0xx\Source\Templates\system_stm32l0xx.o
LOAD Drivers\CMSIS\Device\ST\STM32L0xx\Source\Templates\gcc\startup_stm32l052xx.o
START GROUP
LOAD c:/program files (x86)/atollic/truestudio for arm 5.4.2/armtools/bin/../lib/gcc/arm-atollic-eabi/4.8.3/../../../../arm-atollic-eabi/lib/armv6-m\libc.a
LOAD c:/program files (x86)/atollic/truestudio for arm 5.4.2/armtools/bin/../lib/gcc/arm-atollic-eabi/4.8.3/../../../../arm-atollic-eabi/lib/armv6-m\libm.a
END GROUP
                0x00001000                malloc_getpagesize_P = 0x1000
START GROUP
LOAD c:/program files (x86)/atollic/truestudio for arm 5.4.2/armtools/bin/../lib/gcc/arm-atollic-eabi/4.8.3/armv6-m\libgcc.a
LOAD c:/program files (x86)/atollic/truestudio for arm 5.4.2/armtools/bin/../lib/gcc/arm-atollic-eabi/4.8.3/../../../../arm-atollic-eabi/lib/armv6-m\libc.a
END GROUP
LOAD c:/program files (x86)/atollic/truestudio for arm 5.4.2/armtools/bin/../lib/gcc/arm-atollic-eabi/4.8.3/armv6-m/crtend.o
LOAD c:/program files (x86)/atollic/truestudio for arm 5.4.2/armtools/bin/../lib/gcc/arm-atollic-eabi/4.8.3/armv6-m/crtn.o
                0x20002000                _estack = 0x20002000
                0x00000000                _Min_Heap_Size = 0x0
                0x00000400                _Min_Stack_Size = 0x400

.isr_vector     0x08000000       0xc0
                0x08000000                . = ALIGN (0x4)
 *(.isr_vector)
 .isr_vector    0x08000000       0xc0 Drivers\CMSIS\Device\ST\STM32L0xx\Source\Templates\gcc\startup_stm32l052xx.o
                0x08000000                g_pfnVectors
                0x080000c0                . = ALIGN (0x4)

.text           0x080000c0     0xbbec
                0x080000c0                . = ALIGN (0x4)
 *(.text)
 .text          0x080000c0       0x48 c:/program files (x86)/atollic/truestudio for arm 5.4.2/armtools/bin/../lib/gcc/arm-atollic-eabi/4.8.3/armv6-m/crtbegin.o
 .text          0x08000108       0x14 c:/program files (x86)/atollic/truestudio for arm 5.4.2/armtools/bin/../lib/gcc/arm-atollic-eabi/4.8.3/../../../../arm-atollic-eabi/lib/armv6-m\libc.a(lib_a-strcmp.o)
                0x08000108                strcmp
 .text          0x0800011c       0x14 c:/program files (x86)/atollic/truestudio for arm 5.4.2/armtools/bin/../lib/gcc/arm-atollic-eabi/4.8.3/armv6-m\libgcc.a(_thumb1_case_uqi.o)
                0x0800011c                __gnu_thumb1_case_uqi
 .text          0x08000130       0x14 c:/program files (x86)/atollic/truestudio for arm 5.4.2/armtools/bin/../lib/gcc/arm-atollic-eabi/4.8.3/armv6-m\libgcc.a(_thumb1_case_uhi.o)
                0x08000130                __gnu_thumb1_case_uhi
 .text          0x08000144       0x9c c:/program files (x86)/atollic/truestudio for arm 5.4.2/armtools/bin/../lib/gcc/arm-atollic-eabi/4.8.3/armv6-m\libgcc.a(_udivsi3.o)
                0x08000144                __aeabi_uidiv
                0x08000144                __udivsi3
                0x080001cc                __aeabi_uidivmod
 .text          0x080001e0       0xc0 c:/program files (x86)/atollic/truestudio for arm 5.4.2/armtools/bin/../lib/gcc/arm-atollic-eabi/4.8.3/armv6-m\libgcc.a(_divsi3.o)
                0x080001e0                __divsi3
                0x080001e0                __aeabi_idiv
                0x0800028c                __aeabi_idivmod
 .text          0x080002a0        0x4 c:/program files (x86)/atollic/truestudio for arm 5.4.2/armtools/bin/../lib/gcc/arm-atollic-eabi/4.8.3/armv6-m\libgcc.a(_dvmd_tls.o)
                0x080002a0                __aeabi_idiv0
                0x080002a0                __aeabi_ldiv0
 .text          0x080002a4       0x7c c:/program files (x86)/atollic/truestudio for arm 5.4.2/armtools/bin/../lib/gcc/arm-atollic-eabi/4.8.3/armv6-m\libgcc.a(_arm_cmpdf2.o)
                0x080002a4                __aeabi_cdrcmple
                0x080002b4                __aeabi_cdcmple
                0x080002b4                __aeabi_cdcmpeq
                0x080002c4                __aeabi_dcmpeq
                0x080002d0                __aeabi_dcmplt
                0x080002e4                __aeabi_dcmple
                0x080002f8                __aeabi_dcmpgt
                0x0800030c                __aeabi_dcmpge
 .text          0x08000320       0x74 c:/program files (x86)/atollic/truestudio for arm 5.4.2/armtools/bin/../lib/gcc/arm-atollic-eabi/4.8.3/armv6-m\libgcc.a(_arm_cmpsf2.o)
                0x08000320                __aeabi_cfrcmple
                0x08000328                __aeabi_cfcmpeq
                0x08000328                __aeabi_cfcmple
                0x08000338                __aeabi_fcmpeq
                0x08000344                __aeabi_fcmplt
                0x08000358                __aeabi_fcmple
                0x0800036c                __aeabi_fcmpgt
                0x08000380                __aeabi_fcmpge
 .text          0x08000394       0x40 c:/program files (x86)/atollic/truestudio for arm 5.4.2/armtools/bin/../lib/gcc/arm-atollic-eabi/4.8.3/armv6-m\libgcc.a(_aeabi_uldivmod.o)
                0x08000394                __aeabi_uldivmod
 *fill*         0x080003d4        0x4 
 .text          0x080003d8       0x40 c:/program files (x86)/atollic/truestudio for arm 5.4.2/armtools/bin/../lib/gcc/arm-atollic-eabi/4.8.3/armv6-m\libgcc.a(_fixunsdfsi.o)
                0x080003d8                __aeabi_d2uiz
                0x080003d8                __fixunsdfsi
 .text          0x08000418       0x6c c:/program files (x86)/atollic/truestudio for arm 5.4.2/armtools/bin/../lib/gcc/arm-atollic-eabi/4.8.3/armv6-m\libgcc.a(bpabi.o)
                0x08000418                __gnu_ldivmod_helper
                0x08000450                __gnu_uldivmod_helper
 .text          0x08000484      0x24c c:/program files (x86)/atollic/truestudio for arm 5.4.2/armtools/bin/../lib/gcc/arm-atollic-eabi/4.8.3/armv6-m\libgcc.a(divsf3.o)
                0x08000484                __aeabi_fdiv
 .text          0x080006d0       0x54 c:/program files (x86)/atollic/truestudio for arm 5.4.2/armtools/bin/../lib/gcc/arm-atollic-eabi/4.8.3/armv6-m\libgcc.a(eqsf2.o)
                0x080006d0                __eqsf2
                0x080006d0                __nesf2
 .text          0x08000724       0x90 c:/program files (x86)/atollic/truestudio for arm 5.4.2/armtools/bin/../lib/gcc/arm-atollic-eabi/4.8.3/armv6-m\libgcc.a(gesf2.o)
                0x08000724                __gesf2
                0x08000724                __gtsf2
 .text          0x080007b4       0x98 c:/program files (x86)/atollic/truestudio for arm 5.4.2/armtools/bin/../lib/gcc/arm-atollic-eabi/4.8.3/armv6-m\libgcc.a(lesf2.o)
                0x080007b4                __ltsf2
                0x080007b4                __lesf2
 .text          0x0800084c      0x254 c:/program files (x86)/atollic/truestudio for arm 5.4.2/armtools/bin/../lib/gcc/arm-atollic-eabi/4.8.3/armv6-m\libgcc.a(mulsf3.o)
                0x0800084c                __aeabi_fmul
 .text          0x08000aa0      0x2e0 c:/program files (x86)/atollic/truestudio for arm 5.4.2/armtools/bin/../lib/gcc/arm-atollic-eabi/4.8.3/armv6-m\libgcc.a(subsf3.o)
                0x08000aa0                __aeabi_fsub
 .text          0x08000d80       0x40 c:/program files (x86)/atollic/truestudio for arm 5.4.2/armtools/bin/../lib/gcc/arm-atollic-eabi/4.8.3/armv6-m\libgcc.a(fixsfsi.o)
                0x08000d80                __aeabi_f2iz
 .text          0x08000dc0       0xb8 c:/program files (x86)/atollic/truestudio for arm 5.4.2/armtools/bin/../lib/gcc/arm-atollic-eabi/4.8.3/armv6-m\libgcc.a(floatsisf.o)
                0x08000dc0                __aeabi_i2f
 .text          0x08000e78       0xa0 c:/program files (x86)/atollic/truestudio for arm 5.4.2/armtools/bin/../lib/gcc/arm-atollic-eabi/4.8.3/armv6-m\libgcc.a(floatunsisf.o)
                0x08000e78                __aeabi_ui2f
 .text          0x08000f18      0x638 c:/program files (x86)/atollic/truestudio for arm 5.4.2/armtools/bin/../lib/gcc/arm-atollic-eabi/4.8.3/armv6-m\libgcc.a(adddf3.o)
                0x08000f18                __aeabi_dadd
 .text          0x08001550      0x648 c:/program files (x86)/atollic/truestudio for arm 5.4.2/armtools/bin/../lib/gcc/arm-atollic-eabi/4.8.3/armv6-m\libgcc.a(divdf3.o)
                0x08001550                __aeabi_ddiv
 .text          0x08001b98       0x94 c:/program files (x86)/atollic/truestudio for arm 5.4.2/armtools/bin/../lib/gcc/arm-atollic-eabi/4.8.3/armv6-m\libgcc.a(eqdf2.o)
                0x08001b98                __nedf2
                0x08001b98                __eqdf2
 .text          0x08001c2c       0xfc c:/program files (x86)/atollic/truestudio for arm 5.4.2/armtools/bin/../lib/gcc/arm-atollic-eabi/4.8.3/armv6-m\libgcc.a(gedf2.o)
                0x08001c2c                __gedf2
                0x08001c2c                __gtdf2
 .text          0x08001d28       0xfc c:/program files (x86)/atollic/truestudio for arm 5.4.2/armtools/bin/../lib/gcc/arm-atollic-eabi/4.8.3/armv6-m\libgcc.a(ledf2.o)
                0x08001d28                __ledf2
                0x08001d28                __ltdf2
 .text          0x08001e24      0x520 c:/program files (x86)/atollic/truestudio for arm 5.4.2/armtools/bin/../lib/gcc/arm-atollic-eabi/4.8.3/armv6-m\libgcc.a(muldf3.o)
                0x08001e24                __aeabi_dmul
 .text          0x08002344      0x654 c:/program files (x86)/atollic/truestudio for arm 5.4.2/armtools/bin/../lib/gcc/arm-atollic-eabi/4.8.3/armv6-m\libgcc.a(subdf3.o)
                0x08002344                __aeabi_dsub
 .text          0x08002998       0x68 c:/program files (x86)/atollic/truestudio for arm 5.4.2/armtools/bin/../lib/gcc/arm-atollic-eabi/4.8.3/armv6-m\libgcc.a(fixdfsi.o)
                0x08002998                __aeabi_d2iz
 .text          0x08002a00       0x7c c:/program files (x86)/atollic/truestudio for arm 5.4.2/armtools/bin/../lib/gcc/arm-atollic-eabi/4.8.3/armv6-m\libgcc.a(floatsidf.o)
                0x08002a00                __aeabi_i2d
 .text          0x08002a7c       0x68 c:/program files (x86)/atollic/truestudio for arm 5.4.2/armtools/bin/../lib/gcc/arm-atollic-eabi/4.8.3/armv6-m\libgcc.a(floatunsidf.o)
                0x08002a7c                __aeabi_ui2d
 .text          0x08002ae4       0xa4 c:/program files (x86)/atollic/truestudio for arm 5.4.2/armtools/bin/../lib/gcc/arm-atollic-eabi/4.8.3/armv6-m\libgcc.a(extendsfdf2.o)
                0x08002ae4                __aeabi_f2d
 .text          0x08002b88      0x118 c:/program files (x86)/atollic/truestudio for arm 5.4.2/armtools/bin/../lib/gcc/arm-atollic-eabi/4.8.3/armv6-m\libgcc.a(truncdfsf2.o)
                0x08002b88                __aeabi_d2f
 .text          0x08002ca0       0x3c c:/program files (x86)/atollic/truestudio for arm 5.4.2/armtools/bin/../lib/gcc/arm-atollic-eabi/4.8.3/armv6-m\libgcc.a(_clzsi2.o)
                0x08002ca0                __clzsi2
 .text          0x08002cdc       0x44 c:/program files (x86)/atollic/truestudio for arm 5.4.2/armtools/bin/../lib/gcc/arm-atollic-eabi/4.8.3/armv6-m\libgcc.a(_muldi3.o)
                0x08002cdc                __muldi3
                0x08002cdc                __aeabi_lmul
 .text          0x08002d20      0x3b8 c:/program files (x86)/atollic/truestudio for arm 5.4.2/armtools/bin/../lib/gcc/arm-atollic-eabi/4.8.3/armv6-m\libgcc.a(_divdi3.o)
                0x08002d20                __divdi3
 .text          0x080030d8      0x384 c:/program files (x86)/atollic/truestudio for arm 5.4.2/armtools/bin/../lib/gcc/arm-atollic-eabi/4.8.3/armv6-m\libgcc.a(_udivdi3.o)
                0x080030d8                __udivdi3
 *(.text*)
 .text.SysTick_Handler
                0x0800345c        0xc Src\stm32l0xx_it.o
                0x0800345c                SysTick_Handler
 .text.USART1_IRQHandler
                0x08003468       0x10 Src\stm32l0xx_it.o
                0x08003468                USART1_IRQHandler
 .text.TIM21_IRQHandler
                0x08003478       0x10 Src\stm32l0xx_it.o
                0x08003478                TIM21_IRQHandler
 .text.ADC1_COMP_IRQHandler
                0x08003488       0x10 Src\stm32l0xx_it.o
                0x08003488                ADC1_COMP_IRQHandler
 .text.EXTI4_15_IRQHandler
                0x08003498        0xc Src\stm32l0xx_it.o
                0x08003498                EXTI4_15_IRQHandler
 .text.HAL_MspInit
                0x080034a4       0x24 Src\stm32l0xx_hal_msp.o
                0x080034a4                HAL_MspInit
 .text.HAL_ADC_MspInit
                0x080034c8       0x94 Src\stm32l0xx_hal_msp.o
                0x080034c8                HAL_ADC_MspInit
 .text.HAL_SPI_MspInit
                0x0800355c       0x60 Src\stm32l0xx_hal_msp.o
                0x0800355c                HAL_SPI_MspInit
 .text.HAL_TIM_Base_MspInit
                0x080035bc       0x30 Src\stm32l0xx_hal_msp.o
                0x080035bc                HAL_TIM_Base_MspInit
 .text.HAL_UART_MspInit
                0x080035ec       0x54 Src\stm32l0xx_hal_msp.o
                0x080035ec                HAL_UART_MspInit
 .text.initProcesses
                0x08003640       0x1c Src\main.o
                0x08003640                initProcesses
 .text.addProcess
                0x0800365c       0x2c Src\main.o
                0x0800365c                addProcess
 .text.removeProcess
                0x08003688       0x28 Src\main.o
                0x08003688                removeProcess
 .text.initCounters
                0x080036b0       0x18 Src\main.o
                0x080036b0                initCounters
 .text.addCounter
                0x080036c8       0x24 Src\main.o
                0x080036c8                addCounter
 .text.alert    0x080036ec       0x58 Src\main.o
                0x080036ec                alert
 .text.eepromFloatWrite
                0x08003744       0x38 Src\main.o
                0x08003744                eepromFloatWrite
 .text.eepromIntWrite
                0x0800377c       0x38 Src\main.o
                0x0800377c                eepromIntWrite
 *fill*         0x080037b4        0x4 
 .text.getTemp  0x080037b8       0xe8 Src\main.o
                0x080037b8                getTemp
 .text.ErrorHandler
                0x080038a0       0xa0 Src\main.o
                0x080038a0                ErrorHandler
 .text.help     0x08003940      0x160 Src\main.o
                0x08003940                help
 .text.addAlert
                0x08003aa0       0x24 Src\main.o
                0x08003aa0                addAlert
 .text.vetvyUpdate
                0x08003ac4      0x194 Src\main.o
                0x08003ac4                vetvyUpdate
 .text.vetvaSet
                0x08003c58       0x54 Src\main.o
                0x08003c58                vetvaSet
 .text.vetvaOff
                0x08003cac       0x60 Src\main.o
                0x08003cac                vetvaOff
 .text.vetvyInit
                0x08003d0c       0xe4 Src\main.o
                0x08003d0c                vetvyInit
 .text.startup.main
                0x08003df0       0x94 Src\main.o
                0x08003df0                main
 .text.uart     0x08003e84      0x498 Src\main.o
                0x08003e84                uart
 .text.discharge
                0x0800431c      0x220 Src\main.o
                0x0800431c                discharge
 .text.resistance
                0x0800453c      0x14c Src\main.o
                0x0800453c                resistance
 .text.chargeLithium
                0x08004688      0x1fc Src\main.o
                0x08004688                chargeLithium
 .text.charge   0x08004884       0xf0 Src\main.o
                0x08004884                charge
 .text.HAL_TIM_PeriodElapsedCallback
                0x08004974       0x1c Src\main.o
                0x08004974                HAL_TIM_PeriodElapsedCallback
 .text.HAL_UART_RxCpltCallback
                0x08004990       0x80 Src\main.o
                0x08004990                HAL_UART_RxCpltCallback
 .text.HAL_GPIO_EXTI_Callback
                0x08004a10       0x54 Src\main.o
                0x08004a10                HAL_GPIO_EXTI_Callback
 .text.dialog   0x08004a64      0x34c Src\main.o
                0x08004a64                dialog
 .text.HAL_ADC_ConvCpltCallback
                0x08004db0       0x70 Src\main.o
                0x08004db0                HAL_ADC_ConvCpltCallback
 .text.ADC_Init
                0x08004e20       0x54 Src\hw.o
                0x08004e20                ADC_Init
 .text.SPI2_Init
                0x08004e74       0x3c Src\hw.o
                0x08004e74                SPI2_Init
 .text.TIM21_Init
                0x08004eb0       0x28 Src\hw.o
                0x08004eb0                TIM21_Init
 .text.USART1_UART_Init
                0x08004ed8       0x30 Src\hw.o
                0x08004ed8                USART1_UART_Init
 .text.GPIO_Init
                0x08004f08       0xd8 Src\hw.o
                0x08004f08                GPIO_Init
 .text.SystemClock_Config
                0x08004fe0       0xa0 Src\hw.o
                0x08004fe0                SystemClock_Config
 .text.LCD_strobe
                0x08005080       0x30 Src\1602.o
                0x08005080                LCD_strobe
 .text.LCD_send_4bit
                0x080050b0       0x50 Src\1602.o
                0x080050b0                LCD_send_4bit
 .text.LCD_cmd_4bit
                0x08005100       0x28 Src\1602.o
                0x08005100                LCD_cmd_4bit
 .text.LCD_data_4bit
                0x08005128       0x38 Src\1602.o
                0x08005128                LCD_data_4bit
 .text.LCD_GotoXY
                0x08005160       0x14 Src\1602.o
                0x08005160                LCD_GotoXY
 .text.LCD_Cls  0x08005174       0x1c Src\1602.o
                0x08005174                LCD_Cls
 .text.LCD_Init
                0x08005190       0xd8 Src\1602.o
                0x08005190                LCD_Init
 .text.LCD_Print
                0x08005268       0x14 Src\1602.o
                0x08005268                LCD_Print
 .text.HAL_UARTEx_WakeupCallback
                0x0800527c        0x2 Drivers\STM32L0xx_HAL_Driver\Src\stm32l0xx_hal_uart_ex.o
                0x0800527c                HAL_UARTEx_WakeupCallback
 *fill*         0x0800527e        0x2 
 .text.HAL_UART_Receive_IT
                0x08005280       0xb0 Drivers\STM32L0xx_HAL_Driver\Src\stm32l0xx_hal_uart.o
                0x08005280                HAL_UART_Receive_IT
 .text.HAL_UART_TxCpltCallback
                0x08005330        0x2 Drivers\STM32L0xx_HAL_Driver\Src\stm32l0xx_hal_uart.o
                0x08005330                HAL_UART_TxCpltCallback
 .text.HAL_UART_ErrorCallback
                0x08005332        0x2 Drivers\STM32L0xx_HAL_Driver\Src\stm32l0xx_hal_uart.o
                0x08005332                HAL_UART_ErrorCallback
 .text.HAL_UART_IRQHandler
                0x08005334      0x1dc Drivers\STM32L0xx_HAL_Driver\Src\stm32l0xx_hal_uart.o
                0x08005334                HAL_UART_IRQHandler
 .text.UART_SetConfig
                0x08005510      0x1f8 Drivers\STM32L0xx_HAL_Driver\Src\stm32l0xx_hal_uart.o
                0x08005510                UART_SetConfig
 .text.UART_AdvFeatureConfig
                0x08005708       0xd0 Drivers\STM32L0xx_HAL_Driver\Src\stm32l0xx_hal_uart.o
                0x08005708                UART_AdvFeatureConfig
 .text.UART_WaitOnFlagUntilTimeout
                0x080057d8       0x90 Drivers\STM32L0xx_HAL_Driver\Src\stm32l0xx_hal_uart.o
                0x080057d8                UART_WaitOnFlagUntilTimeout
 .text.HAL_UART_Transmit
                0x08005868       0xb8 Drivers\STM32L0xx_HAL_Driver\Src\stm32l0xx_hal_uart.o
                0x08005868                HAL_UART_Transmit
 .text.UART_CheckIdleState
                0x08005920       0x54 Drivers\STM32L0xx_HAL_Driver\Src\stm32l0xx_hal_uart.o
                0x08005920                UART_CheckIdleState
 .text.HAL_UART_Init
                0x08005974       0x68 Drivers\STM32L0xx_HAL_Driver\Src\stm32l0xx_hal_uart.o
                0x08005974                HAL_UART_Init
 .text.TIM_Base_SetConfig
                0x080059dc       0x58 Drivers\STM32L0xx_HAL_Driver\Src\stm32l0xx_hal_tim.o
 .text.HAL_TIM_Base_Init
                0x08005a34       0x34 Drivers\STM32L0xx_HAL_Driver\Src\stm32l0xx_hal_tim.o
                0x08005a34                HAL_TIM_Base_Init
 .text.HAL_TIM_Base_Start_IT
                0x08005a68       0x14 Drivers\STM32L0xx_HAL_Driver\Src\stm32l0xx_hal_tim.o
                0x08005a68                HAL_TIM_Base_Start_IT
 .text.HAL_TIM_OC_DelayElapsedCallback
                0x08005a7c        0x2 Drivers\STM32L0xx_HAL_Driver\Src\stm32l0xx_hal_tim.o
                0x08005a7c                HAL_TIM_OC_DelayElapsedCallback
 .text.HAL_TIM_IC_CaptureCallback
                0x08005a7e        0x2 Drivers\STM32L0xx_HAL_Driver\Src\stm32l0xx_hal_tim.o
                0x08005a7e                HAL_TIM_IC_CaptureCallback
 .text.HAL_TIM_PWM_PulseFinishedCallback
                0x08005a80        0x2 Drivers\STM32L0xx_HAL_Driver\Src\stm32l0xx_hal_tim.o
                0x08005a80                HAL_TIM_PWM_PulseFinishedCallback
 .text.HAL_TIM_TriggerCallback
                0x08005a82        0x2 Drivers\STM32L0xx_HAL_Driver\Src\stm32l0xx_hal_tim.o
                0x08005a82                HAL_TIM_TriggerCallback
 .text.HAL_TIM_IRQHandler
                0x08005a84      0x11c Drivers\STM32L0xx_HAL_Driver\Src\stm32l0xx_hal_tim.o
                0x08005a84                HAL_TIM_IRQHandler
 .text.SPI_WaitOnFlagUntilTimeout
                0x08005ba0       0x98 Drivers\STM32L0xx_HAL_Driver\Src\stm32l0xx_hal_spi.o
 .text.HAL_SPI_Init
                0x08005c38       0x80 Drivers\STM32L0xx_HAL_Driver\Src\stm32l0xx_hal_spi.o
                0x08005c38                HAL_SPI_Init
 .text.HAL_SPI_Transmit
                0x08005cb8      0x188 Drivers\STM32L0xx_HAL_Driver\Src\stm32l0xx_hal_spi.o
                0x08005cb8                HAL_SPI_Transmit
 .text.HAL_RCCEx_PeriphCLKConfig
                0x08005e40      0x14c Drivers\STM32L0xx_HAL_Driver\Src\stm32l0xx_hal_rcc_ex.o
                0x08005e40                HAL_RCCEx_PeriphCLKConfig
 .text.HAL_RCC_OscConfig
                0x08005f8c      0x478 Drivers\STM32L0xx_HAL_Driver\Src\stm32l0xx_hal_rcc.o
                0x08005f8c                HAL_RCC_OscConfig
 .text.HAL_RCC_ClockConfig
                0x08006404      0x214 Drivers\STM32L0xx_HAL_Driver\Src\stm32l0xx_hal_rcc.o
                0x08006404                HAL_RCC_ClockConfig
 .text.HAL_RCC_GetSysClockFreq
                0x08006618       0x78 Drivers\STM32L0xx_HAL_Driver\Src\stm32l0xx_hal_rcc.o
                0x08006618                HAL_RCC_GetSysClockFreq
 .text.HAL_RCC_GetHCLKFreq
                0x08006690       0x28 Drivers\STM32L0xx_HAL_Driver\Src\stm32l0xx_hal_rcc.o
                0x08006690                HAL_RCC_GetHCLKFreq
 .text.HAL_RCC_GetPCLK1Freq
                0x080066b8       0x20 Drivers\STM32L0xx_HAL_Driver\Src\stm32l0xx_hal_rcc.o
                0x080066b8                HAL_RCC_GetPCLK1Freq
 .text.HAL_RCC_GetPCLK2Freq
                0x080066d8       0x20 Drivers\STM32L0xx_HAL_Driver\Src\stm32l0xx_hal_rcc.o
                0x080066d8                HAL_RCC_GetPCLK2Freq
 .text.HAL_GPIO_Init
                0x080066f8      0x174 Drivers\STM32L0xx_HAL_Driver\Src\stm32l0xx_hal_gpio.o
                0x080066f8                HAL_GPIO_Init
 .text.HAL_GPIO_WritePin
                0x0800686c        0xc Drivers\STM32L0xx_HAL_Driver\Src\stm32l0xx_hal_gpio.o
                0x0800686c                HAL_GPIO_WritePin
 .text.HAL_GPIO_TogglePin
                0x08006878        0x8 Drivers\STM32L0xx_HAL_Driver\Src\stm32l0xx_hal_gpio.o
                0x08006878                HAL_GPIO_TogglePin
 .text.HAL_GPIO_EXTI_IRQHandler
                0x08006880       0x1c Drivers\STM32L0xx_HAL_Driver\Src\stm32l0xx_hal_gpio.o
                0x08006880                HAL_GPIO_EXTI_IRQHandler
 .text.HAL_FLASHEx_DATAEEPROM_Unlock
                0x0800689c       0x24 Drivers\STM32L0xx_HAL_Driver\Src\stm32l0xx_hal_flash_ex.o
                0x0800689c                HAL_FLASHEx_DATAEEPROM_Unlock
 .text.HAL_FLASHEx_DATAEEPROM_Lock
                0x080068c0       0x14 Drivers\STM32L0xx_HAL_Driver\Src\stm32l0xx_hal_flash_ex.o
                0x080068c0                HAL_FLASHEx_DATAEEPROM_Lock
 .text.HAL_FLASHEx_DATAEEPROM_Erase
                0x080068d4       0x24 Drivers\STM32L0xx_HAL_Driver\Src\stm32l0xx_hal_flash_ex.o
                0x080068d4                HAL_FLASHEx_DATAEEPROM_Erase
 .text.HAL_FLASHEx_DATAEEPROM_Program
                0x080068f8       0x54 Drivers\STM32L0xx_HAL_Driver\Src\stm32l0xx_hal_flash_ex.o
                0x080068f8                HAL_FLASHEx_DATAEEPROM_Program
 .text.FLASH_SetErrorCode
                0x0800694c       0x84 Drivers\STM32L0xx_HAL_Driver\Src\stm32l0xx_hal_flash.o
 .text.FLASH_WaitForLastOperation
                0x080069d0       0x70 Drivers\STM32L0xx_HAL_Driver\Src\stm32l0xx_hal_flash.o
                0x080069d0                FLASH_WaitForLastOperation
 .text.HAL_NVIC_SetPriority
                0x08006a40       0x64 Drivers\STM32L0xx_HAL_Driver\Src\stm32l0xx_hal_cortex.o
                0x08006a40                HAL_NVIC_SetPriority
 .text.HAL_NVIC_EnableIRQ
                0x08006aa4       0x14 Drivers\STM32L0xx_HAL_Driver\Src\stm32l0xx_hal_cortex.o
                0x08006aa4                HAL_NVIC_EnableIRQ
 .text.HAL_NVIC_SystemReset
                0x08006ab8       0x1c Drivers\STM32L0xx_HAL_Driver\Src\stm32l0xx_hal_cortex.o
                0x08006ab8                HAL_NVIC_SystemReset
 .text.HAL_SYSTICK_Config
                0x08006ad4       0x34 Drivers\STM32L0xx_HAL_Driver\Src\stm32l0xx_hal_cortex.o
                0x08006ad4                HAL_SYSTICK_Config
 .text.HAL_SYSTICK_CLKSourceConfig
                0x08006b08       0x1c Drivers\STM32L0xx_HAL_Driver\Src\stm32l0xx_hal_cortex.o
                0x08006b08                HAL_SYSTICK_CLKSourceConfig
 .text.HAL_SYSTICK_Callback
                0x08006b24        0x2 Drivers\STM32L0xx_HAL_Driver\Src\stm32l0xx_hal_cortex.o
                0x08006b24                HAL_SYSTICK_Callback
 .text.HAL_SYSTICK_IRQHandler
                0x08006b26        0x8 Drivers\STM32L0xx_HAL_Driver\Src\stm32l0xx_hal_cortex.o
                0x08006b26                HAL_SYSTICK_IRQHandler
 *fill*         0x08006b2e        0x2 
 .text.HAL_ADCEx_Calibration_Start
                0x08006b30       0x8c Drivers\STM32L0xx_HAL_Driver\Src\stm32l0xx_hal_adc_ex.o
                0x08006b30                HAL_ADCEx_Calibration_Start
 .text.ADC_DelayMicroSecond
                0x08006bbc       0x2c Drivers\STM32L0xx_HAL_Driver\Src\stm32l0xx_hal_adc.o
 .text.ADC_Enable
                0x08006be8       0x70 Drivers\STM32L0xx_HAL_Driver\Src\stm32l0xx_hal_adc.o
 .text.HAL_ADC_Init
                0x08006c58      0x1ac Drivers\STM32L0xx_HAL_Driver\Src\stm32l0xx_hal_adc.o
                0x08006c58                HAL_ADC_Init
 .text.HAL_ADC_Start_IT
                0x08006e04       0x74 Drivers\STM32L0xx_HAL_Driver\Src\stm32l0xx_hal_adc.o
                0x08006e04                HAL_ADC_Start_IT
 .text.HAL_ADC_GetValue
                0x08006e78        0x6 Drivers\STM32L0xx_HAL_Driver\Src\stm32l0xx_hal_adc.o
                0x08006e78                HAL_ADC_GetValue
 .text.HAL_ADC_LevelOutOfWindowCallback
                0x08006e7e        0x2 Drivers\STM32L0xx_HAL_Driver\Src\stm32l0xx_hal_adc.o
                0x08006e7e                HAL_ADC_LevelOutOfWindowCallback
 .text.HAL_ADC_ErrorCallback
                0x08006e80        0x2 Drivers\STM32L0xx_HAL_Driver\Src\stm32l0xx_hal_adc.o
                0x08006e80                HAL_ADC_ErrorCallback
 *fill*         0x08006e82        0x2 
 .text.HAL_ADC_IRQHandler
                0x08006e84       0xdc Drivers\STM32L0xx_HAL_Driver\Src\stm32l0xx_hal_adc.o
                0x08006e84                HAL_ADC_IRQHandler
 .text.HAL_ADC_ConfigChannel
                0x08006f60       0xa8 Drivers\STM32L0xx_HAL_Driver\Src\stm32l0xx_hal_adc.o
                0x08006f60                HAL_ADC_ConfigChannel
 .text.HAL_InitTick
                0x08007008       0x24 Drivers\STM32L0xx_HAL_Driver\Src\stm32l0xx_hal.o
                0x08007008                HAL_InitTick
 .text.HAL_Init
                0x0800702c       0x20 Drivers\STM32L0xx_HAL_Driver\Src\stm32l0xx_hal.o
                0x0800702c                HAL_Init
 .text.HAL_IncTick
                0x0800704c       0x10 Drivers\STM32L0xx_HAL_Driver\Src\stm32l0xx_hal.o
                0x0800704c                HAL_IncTick
 .text.HAL_GetTick
                0x0800705c        0xc Drivers\STM32L0xx_HAL_Driver\Src\stm32l0xx_hal.o
                0x0800705c                HAL_GetTick
 .text.HAL_Delay
                0x08007068       0x18 Drivers\STM32L0xx_HAL_Driver\Src\stm32l0xx_hal.o
                0x08007068                HAL_Delay
 .text.SystemInit
                0x08007080       0x5c Drivers\CMSIS\Device\ST\STM32L0xx\Source\Templates\system_stm32l0xx.o
                0x08007080                SystemInit
 .text.Reset_Handler
                0x080070dc       0x50 Drivers\CMSIS\Device\ST\STM32L0xx\Source\Templates\gcc\startup_stm32l052xx.o
                0x080070dc                Reset_Handler
 .text.Default_Handler
                0x0800712c        0x2 Drivers\CMSIS\Device\ST\STM32L0xx\Source\Templates\gcc\startup_stm32l052xx.o
                0x0800712c                TSC_IRQHandler
                0x0800712c                HardFault_Handler
                0x0800712c                PVD_IRQHandler
                0x0800712c                PendSV_Handler
                0x0800712c                NMI_Handler
                0x0800712c                I2C1_IRQHandler
                0x0800712c                RCC_CRS_IRQHandler
                0x0800712c                SPI1_IRQHandler
                0x0800712c                TIM6_DAC_IRQHandler
                0x0800712c                EXTI2_3_IRQHandler
                0x0800712c                I2C2_IRQHandler
                0x0800712c                RTC_IRQHandler
                0x0800712c                DMA1_Channel4_5_6_7_IRQHandler
                0x0800712c                DMA1_Channel1_IRQHandler
                0x0800712c                Default_Handler
                0x0800712c                TIM22_IRQHandler
                0x0800712c                EXTI0_1_IRQHandler
                0x0800712c                USB_IRQHandler
                0x0800712c                SPI2_IRQHandler
                0x0800712c                SVC_Handler
                0x0800712c                WWDG_IRQHandler
                0x0800712c                TIM2_IRQHandler
                0x0800712c                DMA1_Channel2_3_IRQHandler
                0x0800712c                USART2_IRQHandler
                0x0800712c                FLASH_IRQHandler
                0x0800712c                RNG_LPUART1_IRQHandler
                0x0800712c                LPTIM1_IRQHandler
 .text.atoff    0x0800712e        0xa c:/program files (x86)/atollic/truestudio for arm 5.4.2/armtools/bin/../lib/gcc/arm-atollic-eabi/4.8.3/../../../../arm-atollic-eabi/lib/armv6-m\libc.a(lib_a-atoff.o)
                0x0800712e                atoff
 .text.atoi     0x08007138        0xc c:/program files (x86)/atollic/truestudio for arm 5.4.2/armtools/bin/../lib/gcc/arm-atollic-eabi/4.8.3/../../../../arm-atollic-eabi/lib/armv6-m\libc.a(lib_a-atoi.o)
                0x08007138                atoi
 .text.__libc_init_array
                0x08007144       0x4c c:/program files (x86)/atollic/truestudio for arm 5.4.2/armtools/bin/../lib/gcc/arm-atollic-eabi/4.8.3/../../../../arm-atollic-eabi/lib/armv6-m\libc.a(lib_a-init.o)
                0x08007144                __libc_init_array
 .text.malloc   0x08007190       0x14 c:/program files (x86)/atollic/truestudio for arm 5.4.2/armtools/bin/../lib/gcc/arm-atollic-eabi/4.8.3/../../../../arm-atollic-eabi/lib/armv6-m\libc.a(lib_a-malloc.o)
                0x08007190                malloc
 .text.free     0x080071a4       0x14 c:/program files (x86)/atollic/truestudio for arm 5.4.2/armtools/bin/../lib/gcc/arm-atollic-eabi/4.8.3/../../../../arm-atollic-eabi/lib/armv6-m\libc.a(lib_a-malloc.o)
                0x080071a4                free
 .text._malloc_r
                0x080071b8      0x3f4 c:/program files (x86)/atollic/truestudio for arm 5.4.2/armtools/bin/../lib/gcc/arm-atollic-eabi/4.8.3/../../../../arm-atollic-eabi/lib/armv6-m\libc.a(lib_a-mallocr.o)
                0x080071b8                _malloc_r
 .text.memcpy   0x080075ac       0x12 c:/program files (x86)/atollic/truestudio for arm 5.4.2/armtools/bin/../lib/gcc/arm-atollic-eabi/4.8.3/../../../../arm-atollic-eabi/lib/armv6-m\libc.a(lib_a-memcpy-stub.o)
                0x080075ac                memcpy
 .text.__malloc_lock
                0x080075be        0x2 c:/program files (x86)/atollic/truestudio for arm 5.4.2/armtools/bin/../lib/gcc/arm-atollic-eabi/4.8.3/../../../../arm-atollic-eabi/lib/armv6-m\libc.a(lib_a-mlock.o)
                0x080075be                __malloc_lock
 .text.__malloc_unlock
                0x080075c0        0x2 c:/program files (x86)/atollic/truestudio for arm 5.4.2/armtools/bin/../lib/gcc/arm-atollic-eabi/4.8.3/../../../../arm-atollic-eabi/lib/armv6-m\libc.a(lib_a-mlock.o)
                0x080075c0                __malloc_unlock
 *fill*         0x080075c2        0x2 
 .text._sbrk_r  0x080075c4       0x24 c:/program files (x86)/atollic/truestudio for arm 5.4.2/armtools/bin/../lib/gcc/arm-atollic-eabi/4.8.3/../../../../arm-atollic-eabi/lib/armv6-m\libc.a(lib_a-sbrkr.o)
                0x080075c4                _sbrk_r
 .text.sprintf  0x080075e8       0x44 c:/program files (x86)/atollic/truestudio for arm 5.4.2/armtools/bin/../lib/gcc/arm-atollic-eabi/4.8.3/../../../../arm-atollic-eabi/lib/armv6-m\libc.a(lib_a-sprintf.o)
                0x080075e8                sprintf
 .text.strcpy   0x0800762c       0x10 c:/program files (x86)/atollic/truestudio for arm 5.4.2/armtools/bin/../lib/gcc/arm-atollic-eabi/4.8.3/../../../../arm-atollic-eabi/lib/armv6-m\libc.a(lib_a-strcpy.o)
                0x0800762c                strcpy
 .text.strlen   0x0800763c        0xe c:/program files (x86)/atollic/truestudio for arm 5.4.2/armtools/bin/../lib/gcc/arm-atollic-eabi/4.8.3/../../../../arm-atollic-eabi/lib/armv6-m\libc.a(lib_a-strlen.o)
                0x0800763c                strlen
 .text.match    0x0800764a       0x28 c:/program files (x86)/atollic/truestudio for arm 5.4.2/armtools/bin/../lib/gcc/arm-atollic-eabi/4.8.3/../../../../arm-atollic-eabi/lib/armv6-m\libc.a(lib_a-strtod.o)
 *fill*         0x08007672        0x2 
 .text.unlikely.sulp
                0x08007674       0x2c c:/program files (x86)/atollic/truestudio for arm 5.4.2/armtools/bin/../lib/gcc/arm-atollic-eabi/4.8.3/../../../../arm-atollic-eabi/lib/armv6-m\libc.a(lib_a-strtod.o)
 .text._strtod_r
                0x080076a0      0xc50 c:/program files (x86)/atollic/truestudio for arm 5.4.2/armtools/bin/../lib/gcc/arm-atollic-eabi/4.8.3/../../../../arm-atollic-eabi/lib/armv6-m\libc.a(lib_a-strtod.o)
                0x080076a0                _strtod_r
 .text.strtof   0x080082f0       0x30 c:/program files (x86)/atollic/truestudio for arm 5.4.2/armtools/bin/../lib/gcc/arm-atollic-eabi/4.8.3/../../../../arm-atollic-eabi/lib/armv6-m\libc.a(lib_a-strtod.o)
                0x080082f0                strtof
 .text._strtol_r
                0x08008320      0x114 c:/program files (x86)/atollic/truestudio for arm 5.4.2/armtools/bin/../lib/gcc/arm-atollic-eabi/4.8.3/../../../../arm-atollic-eabi/lib/armv6-m\libc.a(lib_a-strtol.o)
                0x08008320                _strtol_r
 .text.strtol   0x08008434       0x1c c:/program files (x86)/atollic/truestudio for arm 5.4.2/armtools/bin/../lib/gcc/arm-atollic-eabi/4.8.3/../../../../arm-atollic-eabi/lib/armv6-m\libc.a(lib_a-strtol.o)
                0x08008434                strtol
 .text._svfprintf_r
                0x08008450      0xf58 c:/program files (x86)/atollic/truestudio for arm 5.4.2/armtools/bin/../lib/gcc/arm-atollic-eabi/4.8.3/../../../../arm-atollic-eabi/lib/armv6-m\libc.a(lib_a-svfprintf.o)
                0x08008450                _svfprintf_r
 .text._sbrk    0x080093a8       0x34 c:/program files (x86)/atollic/truestudio for arm 5.4.2/armtools/bin/../lib/gcc/arm-atollic-eabi/4.8.3/../../../../arm-atollic-eabi/lib/armv6-m\libc.a(lib_a-syscalls.o)
                0x080093a8                _sbrk
 .text.quorem   0x080093dc      0x118 c:/program files (x86)/atollic/truestudio for arm 5.4.2/armtools/bin/../lib/gcc/arm-atollic-eabi/4.8.3/../../../../arm-atollic-eabi/lib/armv6-m\libc.a(lib_a-dtoa.o)
 *fill*         0x080094f4        0x4 
 .text._dtoa_r  0x080094f8      0xbb8 c:/program files (x86)/atollic/truestudio for arm 5.4.2/armtools/bin/../lib/gcc/arm-atollic-eabi/4.8.3/../../../../arm-atollic-eabi/lib/armv6-m\libc.a(lib_a-dtoa.o)
                0x080094f8                _dtoa_r
 .text._malloc_trim_r
                0x0800a0b0       0xa8 c:/program files (x86)/atollic/truestudio for arm 5.4.2/armtools/bin/../lib/gcc/arm-atollic-eabi/4.8.3/../../../../arm-atollic-eabi/lib/armv6-m\libc.a(lib_a-freer.o)
                0x0800a0b0                _malloc_trim_r
 .text._free_r  0x0800a158      0x17c c:/program files (x86)/atollic/truestudio for arm 5.4.2/armtools/bin/../lib/gcc/arm-atollic-eabi/4.8.3/../../../../arm-atollic-eabi/lib/armv6-m\libc.a(lib_a-freer.o)
                0x0800a158                _free_r
 .text.rshift   0x0800a2d4       0x6c c:/program files (x86)/atollic/truestudio for arm 5.4.2/armtools/bin/../lib/gcc/arm-atollic-eabi/4.8.3/../../../../arm-atollic-eabi/lib/armv6-m\libc.a(lib_a-gdtoa-gethex.o)
 .text.__hexdig_fun
                0x0800a340       0x2a c:/program files (x86)/atollic/truestudio for arm 5.4.2/armtools/bin/../lib/gcc/arm-atollic-eabi/4.8.3/../../../../arm-atollic-eabi/lib/armv6-m\libc.a(lib_a-gdtoa-gethex.o)
                0x0800a340                __hexdig_fun
 .text.__gethex
                0x0800a36a      0x43c c:/program files (x86)/atollic/truestudio for arm 5.4.2/armtools/bin/../lib/gcc/arm-atollic-eabi/4.8.3/../../../../arm-atollic-eabi/lib/armv6-m\libc.a(lib_a-gdtoa-gethex.o)
                0x0800a36a                __gethex
 .text.L_shift  0x0800a7a6       0x24 c:/program files (x86)/atollic/truestudio for arm 5.4.2/armtools/bin/../lib/gcc/arm-atollic-eabi/4.8.3/../../../../arm-atollic-eabi/lib/armv6-m\libc.a(lib_a-gdtoa-hexnan.o)
 .text.__hexnan
                0x0800a7ca      0x132 c:/program files (x86)/atollic/truestudio for arm 5.4.2/armtools/bin/../lib/gcc/arm-atollic-eabi/4.8.3/../../../../arm-atollic-eabi/lib/armv6-m\libc.a(lib_a-gdtoa-hexnan.o)
                0x0800a7ca                __hexnan
 .text._localeconv_r
                0x0800a8fc        0x8 c:/program files (x86)/atollic/truestudio for arm 5.4.2/armtools/bin/../lib/gcc/arm-atollic-eabi/4.8.3/../../../../arm-atollic-eabi/lib/armv6-m\libc.a(lib_a-locale.o)
                0x0800a8fc                _localeconv_r
 .text.memchr   0x0800a904       0x16 c:/program files (x86)/atollic/truestudio for arm 5.4.2/armtools/bin/../lib/gcc/arm-atollic-eabi/4.8.3/../../../../arm-atollic-eabi/lib/armv6-m\libc.a(lib_a-memchr-stub.o)
                0x0800a904                memchr
 .text._Balloc  0x0800a91a       0x70 c:/program files (x86)/atollic/truestudio for arm 5.4.2/armtools/bin/../lib/gcc/arm-atollic-eabi/4.8.3/../../../../arm-atollic-eabi/lib/armv6-m\libc.a(lib_a-mprec.o)
                0x0800a91a                _Balloc
 .text._Bfree   0x0800a98a       0x32 c:/program files (x86)/atollic/truestudio for arm 5.4.2/armtools/bin/../lib/gcc/arm-atollic-eabi/4.8.3/../../../../arm-atollic-eabi/lib/armv6-m\libc.a(lib_a-mprec.o)
                0x0800a98a                _Bfree
 .text.__multadd
                0x0800a9bc       0x7c c:/program files (x86)/atollic/truestudio for arm 5.4.2/armtools/bin/../lib/gcc/arm-atollic-eabi/4.8.3/../../../../arm-atollic-eabi/lib/armv6-m\libc.a(lib_a-mprec.o)
                0x0800a9bc                __multadd
 .text.__s2b    0x0800aa38       0x80 c:/program files (x86)/atollic/truestudio for arm 5.4.2/armtools/bin/../lib/gcc/arm-atollic-eabi/4.8.3/../../../../arm-atollic-eabi/lib/armv6-m\libc.a(lib_a-mprec.o)
                0x0800aa38                __s2b
 .text.__hi0bits
                0x0800aab8       0x38 c:/program files (x86)/atollic/truestudio for arm 5.4.2/armtools/bin/../lib/gcc/arm-atollic-eabi/4.8.3/../../../../arm-atollic-eabi/lib/armv6-m\libc.a(lib_a-mprec.o)
                0x0800aab8                __hi0bits
 .text.__lo0bits
                0x0800aaf0       0x5a c:/program files (x86)/atollic/truestudio for arm 5.4.2/armtools/bin/../lib/gcc/arm-atollic-eabi/4.8.3/../../../../arm-atollic-eabi/lib/armv6-m\libc.a(lib_a-mprec.o)
                0x0800aaf0                __lo0bits
 .text.__i2b    0x0800ab4a       0x12 c:/program files (x86)/atollic/truestudio for arm 5.4.2/armtools/bin/../lib/gcc/arm-atollic-eabi/4.8.3/../../../../arm-atollic-eabi/lib/armv6-m\libc.a(lib_a-mprec.o)
                0x0800ab4a                __i2b
 .text.__multiply
                0x0800ab5c      0x11e c:/program files (x86)/atollic/truestudio for arm 5.4.2/armtools/bin/../lib/gcc/arm-atollic-eabi/4.8.3/../../../../arm-atollic-eabi/lib/armv6-m\libc.a(lib_a-mprec.o)
                0x0800ab5c                __multiply
 *fill*         0x0800ac7a        0x2 
 .text.__pow5mult
                0x0800ac7c       0xa4 c:/program files (x86)/atollic/truestudio for arm 5.4.2/armtools/bin/../lib/gcc/arm-atollic-eabi/4.8.3/../../../../arm-atollic-eabi/lib/armv6-m\libc.a(lib_a-mprec.o)
                0x0800ac7c                __pow5mult
 .text.__lshift
                0x0800ad20       0xa4 c:/program files (x86)/atollic/truestudio for arm 5.4.2/armtools/bin/../lib/gcc/arm-atollic-eabi/4.8.3/../../../../arm-atollic-eabi/lib/armv6-m\libc.a(lib_a-mprec.o)
                0x0800ad20                __lshift
 .text.__mcmp   0x0800adc4       0x36 c:/program files (x86)/atollic/truestudio for arm 5.4.2/armtools/bin/../lib/gcc/arm-atollic-eabi/4.8.3/../../../../arm-atollic-eabi/lib/armv6-m\libc.a(lib_a-mprec.o)
                0x0800adc4                __mcmp
 .text.__mdiff  0x0800adfa       0xcc c:/program files (x86)/atollic/truestudio for arm 5.4.2/armtools/bin/../lib/gcc/arm-atollic-eabi/4.8.3/../../../../arm-atollic-eabi/lib/armv6-m\libc.a(lib_a-mprec.o)
                0x0800adfa                __mdiff
 *fill*         0x0800aec6        0x2 
 .text.__ulp    0x0800aec8       0x44 c:/program files (x86)/atollic/truestudio for arm 5.4.2/armtools/bin/../lib/gcc/arm-atollic-eabi/4.8.3/../../../../arm-atollic-eabi/lib/armv6-m\libc.a(lib_a-mprec.o)
                0x0800aec8                __ulp
 .text.__b2d    0x0800af0c       0xa4 c:/program files (x86)/atollic/truestudio for arm 5.4.2/armtools/bin/../lib/gcc/arm-atollic-eabi/4.8.3/../../../../arm-atollic-eabi/lib/armv6-m\libc.a(lib_a-mprec.o)
                0x0800af0c                __b2d
 .text.__d2b    0x0800afb0       0xb0 c:/program files (x86)/atollic/truestudio for arm 5.4.2/armtools/bin/../lib/gcc/arm-atollic-eabi/4.8.3/../../../../arm-atollic-eabi/lib/armv6-m\libc.a(lib_a-mprec.o)
                0x0800afb0                __d2b
 .text.__ratio  0x0800b060       0x48 c:/program files (x86)/atollic/truestudio for arm 5.4.2/armtools/bin/../lib/gcc/arm-atollic-eabi/4.8.3/../../../../arm-atollic-eabi/lib/armv6-m\libc.a(lib_a-mprec.o)
                0x0800b060                __ratio
 .text.__copybits
                0x0800b0a8       0x2c c:/program files (x86)/atollic/truestudio for arm 5.4.2/armtools/bin/../lib/gcc/arm-atollic-eabi/4.8.3/../../../../arm-atollic-eabi/lib/armv6-m\libc.a(lib_a-mprec.o)
                0x0800b0a8                __copybits
 .text.__any_on
                0x0800b0d4       0x44 c:/program files (x86)/atollic/truestudio for arm 5.4.2/armtools/bin/../lib/gcc/arm-atollic-eabi/4.8.3/../../../../arm-atollic-eabi/lib/armv6-m\libc.a(lib_a-mprec.o)
                0x0800b0d4                __any_on
 .text.__fpclassifyd
                0x0800b118       0x54 c:/program files (x86)/atollic/truestudio for arm 5.4.2/armtools/bin/../lib/gcc/arm-atollic-eabi/4.8.3/../../../../arm-atollic-eabi/lib/armv6-m\libc.a(lib_a-s_fpclassify.o)
                0x0800b118                __fpclassifyd
 .text.nanf     0x0800b16c        0x8 c:/program files (x86)/atollic/truestudio for arm 5.4.2/armtools/bin/../lib/gcc/arm-atollic-eabi/4.8.3/../../../../arm-atollic-eabi/lib/armv6-m\libc.a(lib_a-sf_nan.o)
                0x0800b16c                nanf
 .text.strncmp  0x0800b174       0x2c c:/program files (x86)/atollic/truestudio for arm 5.4.2/armtools/bin/../lib/gcc/arm-atollic-eabi/4.8.3/../../../../arm-atollic-eabi/lib/armv6-m\libc.a(lib_a-strncmp.o)
                0x0800b174                strncmp
 .text.__ssprint_r
                0x0800b1a0      0x114 c:/program files (x86)/atollic/truestudio for arm 5.4.2/armtools/bin/../lib/gcc/arm-atollic-eabi/4.8.3/../../../../arm-atollic-eabi/lib/armv6-m\libc.a(lib_a-svfiprintf.o)
                0x0800b1a0                __ssprint_r
 .text._calloc_r
                0x0800b2b4       0x58 c:/program files (x86)/atollic/truestudio for arm 5.4.2/armtools/bin/../lib/gcc/arm-atollic-eabi/4.8.3/../../../../arm-atollic-eabi/lib/armv6-m\libc.a(lib_a-callocr.o)
                0x0800b2b4                _calloc_r
 .text.memmove  0x0800b30c       0x32 c:/program files (x86)/atollic/truestudio for arm 5.4.2/armtools/bin/../lib/gcc/arm-atollic-eabi/4.8.3/../../../../arm-atollic-eabi/lib/armv6-m\libc.a(lib_a-memmove.o)
                0x0800b30c                memmove
 .text.memset   0x0800b33e       0x10 c:/program files (x86)/atollic/truestudio for arm 5.4.2/armtools/bin/../lib/gcc/arm-atollic-eabi/4.8.3/../../../../arm-atollic-eabi/lib/armv6-m\libc.a(lib_a-memset.o)
                0x0800b33e                memset
 *fill*         0x0800b34e        0x2 
 .text._realloc_r
                0x0800b350      0x348 c:/program files (x86)/atollic/truestudio for arm 5.4.2/armtools/bin/../lib/gcc/arm-atollic-eabi/4.8.3/../../../../arm-atollic-eabi/lib/armv6-m\libc.a(lib_a-reallocr.o)
                0x0800b350                _realloc_r
 .text.round    0x0800b698       0xa8 c:/program files (x86)/atollic/truestudio for arm 5.4.2/armtools/bin/../lib/gcc/arm-atollic-eabi/4.8.3/../../../../arm-atollic-eabi/lib/armv6-m\libm.a(lib_a-s_round.o)
                0x0800b698                round
 .text.log      0x0800b740      0x100 c:/program files (x86)/atollic/truestudio for arm 5.4.2/armtools/bin/../lib/gcc/arm-atollic-eabi/4.8.3/../../../../arm-atollic-eabi/lib/armv6-m\libm.a(lib_a-w_log.o)
                0x0800b740                log
 .text.__ieee754_log
                0x0800b840      0x430 c:/program files (x86)/atollic/truestudio for arm 5.4.2/armtools/bin/../lib/gcc/arm-atollic-eabi/4.8.3/../../../../arm-atollic-eabi/lib/armv6-m\libm.a(lib_a-e_log.o)
                0x0800b840                __ieee754_log
 .text.matherr  0x0800bc70        0x4 c:/program files (x86)/atollic/truestudio for arm 5.4.2/armtools/bin/../lib/gcc/arm-atollic-eabi/4.8.3/../../../../arm-atollic-eabi/lib/armv6-m\libm.a(lib_a-s_matherr.o)
                0x0800bc70                matherr
 *fill*         0x0800bc74        0x4 
 .text.nan      0x0800bc78       0x10 c:/program files (x86)/atollic/truestudio for arm 5.4.2/armtools/bin/../lib/gcc/arm-atollic-eabi/4.8.3/../../../../arm-atollic-eabi/lib/armv6-m\libm.a(lib_a-s_nan.o)
                0x0800bc78                nan
 .text.__errno  0x0800bc88        0xc c:/program files (x86)/atollic/truestudio for arm 5.4.2/armtools/bin/../lib/gcc/arm-atollic-eabi/4.8.3/../../../../arm-atollic-eabi/lib/armv6-m\libc.a(lib_a-errno.o)
                0x0800bc88                __errno
 *(.glue_7)
 .glue_7        0x00000000        0x0 linker stubs
 *(.glue_7t)
 .glue_7t       0x00000000        0x0 linker stubs
 *(.eh_frame)
 .eh_frame      0x0800bc94        0x0 c:/program files (x86)/atollic/truestudio for arm 5.4.2/armtools/bin/../lib/gcc/arm-atollic-eabi/4.8.3/armv6-m/crtbegin.o
 *(.init)
 .init          0x0800bc94        0x4 c:/program files (x86)/atollic/truestudio for arm 5.4.2/armtools/bin/../lib/gcc/arm-atollic-eabi/4.8.3/armv6-m/crti.o
                0x0800bc94                _init
 .init          0x0800bc98        0x8 c:/program files (x86)/atollic/truestudio for arm 5.4.2/armtools/bin/../lib/gcc/arm-atollic-eabi/4.8.3/armv6-m/crtn.o
 *(.fini)
 .fini          0x0800bca0        0x4 c:/program files (x86)/atollic/truestudio for arm 5.4.2/armtools/bin/../lib/gcc/arm-atollic-eabi/4.8.3/armv6-m/crti.o
                0x0800bca0                _fini
 .fini          0x0800bca4        0x8 c:/program files (x86)/atollic/truestudio for arm 5.4.2/armtools/bin/../lib/gcc/arm-atollic-eabi/4.8.3/armv6-m/crtn.o
                0x0800bcac                . = ALIGN (0x4)
                0x0800bcac                _etext = .

.vfp11_veneer   0x0800bcac        0x0
 .vfp11_veneer  0x00000000        0x0 linker stubs

.v4_bx          0x0800bcac        0x0
 .v4_bx         0x00000000        0x0 linker stubs

.iplt           0x0800bcac        0x0
 .iplt          0x00000000        0x0 c:/program files (x86)/atollic/truestudio for arm 5.4.2/armtools/bin/../lib/gcc/arm-atollic-eabi/4.8.3/armv6-m/crtbegin.o

.rodata         0x0800bcb0      0x938
                0x0800bcb0                . = ALIGN (0x4)
 *(.rodata)
 .rodata        0x0800bcb0       0x40 c:/program files (x86)/atollic/truestudio for arm 5.4.2/armtools/bin/../lib/gcc/arm-atollic-eabi/4.8.3/armv6-m\libgcc.a(divsf3.o)
 .rodata        0x0800bcf0       0x40 c:/program files (x86)/atollic/truestudio for arm 5.4.2/armtools/bin/../lib/gcc/arm-atollic-eabi/4.8.3/armv6-m\libgcc.a(mulsf3.o)
 .rodata        0x0800bd30       0x40 c:/program files (x86)/atollic/truestudio for arm 5.4.2/armtools/bin/../lib/gcc/arm-atollic-eabi/4.8.3/armv6-m\libgcc.a(divdf3.o)
 .rodata        0x0800bd70       0x40 c:/program files (x86)/atollic/truestudio for arm 5.4.2/armtools/bin/../lib/gcc/arm-atollic-eabi/4.8.3/armv6-m\libgcc.a(muldf3.o)
 *(.rodata*)
 .rodata.str1.1
                0x0800bdb0      0x54b Src\main.o
                                0x555 (size before relaxing)
 .rodata.CSWTCH.36
                0x0800c2fb        0x9 Drivers\STM32L0xx_HAL_Driver\Src\stm32l0xx_hal_uart.o
 .rodata.CSWTCH.35
                0x0800c304        0x4 Drivers\STM32L0xx_HAL_Driver\Src\stm32l0xx_hal_uart.o
 .rodata.APBAHBPrescTable
                0x0800c308       0x10 Drivers\STM32L0xx_HAL_Driver\Src\stm32l0xx_hal_rcc.o
 .rodata.PLLMulTable
                0x0800c318        0x9 Drivers\CMSIS\Device\ST\STM32L0xx\Source\Templates\system_stm32l0xx.o
                0x0800c318                PLLMulTable
 *fill*         0x0800c321        0x3 
 .rodata.fpi.5244
                0x0800c324       0x14 c:/program files (x86)/atollic/truestudio for arm 5.4.2/armtools/bin/../lib/gcc/arm-atollic-eabi/4.8.3/../../../../arm-atollic-eabi/lib/armv6-m\libc.a(lib_a-strtod.o)
 .rodata.str1.1
                0x00000000      0x54b c:/program files (x86)/atollic/truestudio for arm 5.4.2/armtools/bin/../lib/gcc/arm-atollic-eabi/4.8.3/../../../../arm-atollic-eabi/lib/armv6-m\libc.a(lib_a-strtod.o)
                                  0xc (size before relaxing)
 .rodata.fpinan.5280
                0x0800c338       0x14 c:/program files (x86)/atollic/truestudio for arm 5.4.2/armtools/bin/../lib/gcc/arm-atollic-eabi/4.8.3/../../../../arm-atollic-eabi/lib/armv6-m\libc.a(lib_a-strtod.o)
 *fill*         0x0800c34c        0x4 
 .rodata.tinytens
                0x0800c350       0x28 c:/program files (x86)/atollic/truestudio for arm 5.4.2/armtools/bin/../lib/gcc/arm-atollic-eabi/4.8.3/../../../../arm-atollic-eabi/lib/armv6-m\libc.a(lib_a-strtod.o)
 .rodata.zeroes.6768
                0x0800c378       0x10 c:/program files (x86)/atollic/truestudio for arm 5.4.2/armtools/bin/../lib/gcc/arm-atollic-eabi/4.8.3/../../../../arm-atollic-eabi/lib/armv6-m\libc.a(lib_a-svfprintf.o)
 .rodata.str1.1
                0x0800c388       0x34 c:/program files (x86)/atollic/truestudio for arm 5.4.2/armtools/bin/../lib/gcc/arm-atollic-eabi/4.8.3/../../../../arm-atollic-eabi/lib/armv6-m\libc.a(lib_a-svfprintf.o)
 .rodata.blanks.6767
                0x0800c3bc       0x10 c:/program files (x86)/atollic/truestudio for arm 5.4.2/armtools/bin/../lib/gcc/arm-atollic-eabi/4.8.3/../../../../arm-atollic-eabi/lib/armv6-m\libc.a(lib_a-svfprintf.o)
 .rodata._ctype_
                0x0800c3cc      0x101 c:/program files (x86)/atollic/truestudio for arm 5.4.2/armtools/bin/../lib/gcc/arm-atollic-eabi/4.8.3/../../../../arm-atollic-eabi/lib/armv6-m\libc.a(lib_a-ctype_.o)
                0x0800c3cc                _ctype_
 .rodata.str1.1
                0x0800c4cd        0xd c:/program files (x86)/atollic/truestudio for arm 5.4.2/armtools/bin/../lib/gcc/arm-atollic-eabi/4.8.3/../../../../arm-atollic-eabi/lib/armv6-m\libc.a(lib_a-dtoa.o)
                                  0xf (size before relaxing)
 .rodata.str1.1
                0x0800c4da        0x2 c:/program files (x86)/atollic/truestudio for arm 5.4.2/armtools/bin/../lib/gcc/arm-atollic-eabi/4.8.3/../../../../arm-atollic-eabi/lib/armv6-m\libc.a(lib_a-impure.o)
 .rodata.str1.1
                0x0800c4dc        0x8 c:/program files (x86)/atollic/truestudio for arm 5.4.2/armtools/bin/../lib/gcc/arm-atollic-eabi/4.8.3/../../../../arm-atollic-eabi/lib/armv6-m\libc.a(lib_a-locale.o)
                                  0xb (size before relaxing)
 *fill*         0x0800c4e4        0x4 
 .rodata.__mprec_tens
                0x0800c4e8       0xc8 c:/program files (x86)/atollic/truestudio for arm 5.4.2/armtools/bin/../lib/gcc/arm-atollic-eabi/4.8.3/../../../../arm-atollic-eabi/lib/armv6-m\libc.a(lib_a-mprec.o)
                0x0800c4e8                __mprec_tens
 .rodata.__mprec_bigtens
                0x0800c5b0       0x28 c:/program files (x86)/atollic/truestudio for arm 5.4.2/armtools/bin/../lib/gcc/arm-atollic-eabi/4.8.3/../../../../arm-atollic-eabi/lib/armv6-m\libc.a(lib_a-mprec.o)
                0x0800c5b0                __mprec_bigtens
 .rodata.p05.5279
                0x0800c5d8        0xc c:/program files (x86)/atollic/truestudio for arm 5.4.2/armtools/bin/../lib/gcc/arm-atollic-eabi/4.8.3/../../../../arm-atollic-eabi/lib/armv6-m\libc.a(lib_a-mprec.o)
 .rodata.str1.1
                0x0800c5e4        0x4 c:/program files (x86)/atollic/truestudio for arm 5.4.2/armtools/bin/../lib/gcc/arm-atollic-eabi/4.8.3/../../../../arm-atollic-eabi/lib/armv6-m\libm.a(lib_a-w_log.o)
                                  0x5 (size before relaxing)
                0x0800c5e8                . = ALIGN (0x4)

.ARM.extab
 *(.ARM.extab* .gnu.linkonce.armextab.*)

.ARM            0x0800c5e8        0x8
                0x0800c5e8                __exidx_start = .
 *(.ARM.exidx*)
 .ARM.exidx     0x0800c5e8        0x8 c:/program files (x86)/atollic/truestudio for arm 5.4.2/armtools/bin/../lib/gcc/arm-atollic-eabi/4.8.3/armv6-m\libgcc.a(_divdi3.o)
 .ARM.exidx     0x0800c5f0        0x0 c:/program files (x86)/atollic/truestudio for arm 5.4.2/armtools/bin/../lib/gcc/arm-atollic-eabi/4.8.3/armv6-m\libgcc.a(_udivdi3.o)
                                  0x8 (size before relaxing)
                0x0800c5f0                __exidx_end = .

.rel.dyn        0x0800c5f0        0x0
 .rel.iplt      0x00000000        0x0 c:/program files (x86)/atollic/truestudio for arm 5.4.2/armtools/bin/../lib/gcc/arm-atollic-eabi/4.8.3/armv6-m/crtbegin.o

.preinit_array  0x0800c5f0        0x0
                0x0800c5f0                PROVIDE (__preinit_array_start, .)
 *(.preinit_array*)
                0x0800c5f0                PROVIDE (__preinit_array_end, .)

.init_array     0x0800c5f0        0x4
                0x0800c5f0                PROVIDE (__init_array_start, .)
 *(SORT(.init_array.*))
 *(.init_array*)
 .init_array    0x0800c5f0        0x4 c:/program files (x86)/atollic/truestudio for arm 5.4.2/armtools/bin/../lib/gcc/arm-atollic-eabi/4.8.3/armv6-m/crtbegin.o
                0x0800c5f4                PROVIDE (__init_array_end, .)

.fini_array     0x0800c5f4        0x4
                0x0800c5f4                PROVIDE (__fini_array_start, .)
 *(SORT(.fini_array.*))
 *(.fini_array*)
 .fini_array    0x0800c5f4        0x4 c:/program files (x86)/atollic/truestudio for arm 5.4.2/armtools/bin/../lib/gcc/arm-atollic-eabi/4.8.3/armv6-m/crtbegin.o
                0x0800c5f8                PROVIDE (__fini_array_end, .)
                0x0800c5f8                _sidata = LOADADDR (.data)

.data           0x20000000      0x548 load address 0x0800c5f8
                0x20000000                . = ALIGN (0x4)
                0x20000000                _sdata = .
 *(.data)
 *(.data*)
 .data.SystemCoreClock
                0x20000000        0x4 Drivers\CMSIS\Device\ST\STM32L0xx\Source\Templates\system_stm32l0xx.o
                0x20000000                SystemCoreClock
 .data.__malloc_av_
                0x20000004      0x408 c:/program files (x86)/atollic/truestudio for arm 5.4.2/armtools/bin/../lib/gcc/arm-atollic-eabi/4.8.3/../../../../arm-atollic-eabi/lib/armv6-m\libc.a(lib_a-mallocr.o)
                0x20000004                __malloc_av_
 .data.__malloc_trim_threshold
                0x2000040c        0x4 c:/program files (x86)/atollic/truestudio for arm 5.4.2/armtools/bin/../lib/gcc/arm-atollic-eabi/4.8.3/../../../../arm-atollic-eabi/lib/armv6-m\libc.a(lib_a-mallocr.o)
                0x2000040c                __malloc_trim_threshold
 .data.__malloc_sbrk_base
                0x20000410        0x4 c:/program files (x86)/atollic/truestudio for arm 5.4.2/armtools/bin/../lib/gcc/arm-atollic-eabi/4.8.3/../../../../arm-atollic-eabi/lib/armv6-m\libc.a(lib_a-mallocr.o)
                0x20000410                __malloc_sbrk_base
 .data.__ctype_ptr__
                0x20000414        0x4 c:/program files (x86)/atollic/truestudio for arm 5.4.2/armtools/bin/../lib/gcc/arm-atollic-eabi/4.8.3/../../../../arm-atollic-eabi/lib/armv6-m\libc.a(lib_a-ctype_.o)
                0x20000414                __ctype_ptr__
 .data.impure_data
                0x20000418       0xf0 c:/program files (x86)/atollic/truestudio for arm 5.4.2/armtools/bin/../lib/gcc/arm-atollic-eabi/4.8.3/../../../../arm-atollic-eabi/lib/armv6-m\libc.a(lib_a-impure.o)
 .data._impure_ptr
                0x20000508        0x4 c:/program files (x86)/atollic/truestudio for arm 5.4.2/armtools/bin/../lib/gcc/arm-atollic-eabi/4.8.3/../../../../arm-atollic-eabi/lib/armv6-m\libc.a(lib_a-impure.o)
                0x20000508                _impure_ptr
 .data.lconv    0x2000050c       0x38 c:/program files (x86)/atollic/truestudio for arm 5.4.2/armtools/bin/../lib/gcc/arm-atollic-eabi/4.8.3/../../../../arm-atollic-eabi/lib/armv6-m\libc.a(lib_a-locale.o)
 .data.__fdlib_version
                0x20000544        0x1 c:/program files (x86)/atollic/truestudio for arm 5.4.2/armtools/bin/../lib/gcc/arm-atollic-eabi/4.8.3/../../../../arm-atollic-eabi/lib/armv6-m\libm.a(lib_a-s_lib_ver.o)
                0x20000544                __fdlib_version
                0x20000548                . = ALIGN (0x4)
 *fill*         0x20000545        0x3 
                0x20000548                _edata = .

.igot.plt       0x20000548        0x0 load address 0x0800cb40
 .igot.plt      0x00000000        0x0 c:/program files (x86)/atollic/truestudio for arm 5.4.2/armtools/bin/../lib/gcc/arm-atollic-eabi/4.8.3/armv6-m/crtbegin.o
                0x20000548                . = ALIGN (0x4)

.bss            0x20000548      0x500 load address 0x0800cb40
                0x20000548                _sbss = .
                0x20000548                __bss_start__ = _sbss
 *(.bss)
 .bss           0x20000548       0x1c c:/program files (x86)/atollic/truestudio for arm 5.4.2/armtools/bin/../lib/gcc/arm-atollic-eabi/4.8.3/armv6-m/crtbegin.o
 *(.bss*)
 .bss.channels_i
                0x20000564        0x2 Src\main.o
                0x20000564                channels_i
 .bss.commandNumber
                0x20000566        0x1 Src\main.o
                0x20000566                commandNumber
 .bss.commandIndex
                0x20000567        0x1 Src\main.o
                0x20000567                commandIndex
 .bss.GPIO_FLAG
                0x20000568        0x1 Src\main.o
                0x20000568                GPIO_FLAG
 .bss.verbose   0x20000569        0x1 Src\main.o
                0x20000569                verbose
 .bss.DIALOG    0x2000056a        0x1 Src\main.o
                0x2000056a                DIALOG
 *fill*         0x2000056b        0x1 
 .bss.FRONT     0x2000056c       0xf0 Src\main.o
 .bss.option    0x2000065c        0x1 Src\main.o
                0x2000065c                option
 *fill*         0x2000065d        0x3 
 .bss.uwTick    0x20000660        0x4 Drivers\STM32L0xx_HAL_Driver\Src\stm32l0xx_hal.o
 .bss.__malloc_max_total_mem
                0x20000664        0x4 c:/program files (x86)/atollic/truestudio for arm 5.4.2/armtools/bin/../lib/gcc/arm-atollic-eabi/4.8.3/../../../../arm-atollic-eabi/lib/armv6-m\libc.a(lib_a-mallocr.o)
                0x20000664                __malloc_max_total_mem
 .bss.__malloc_max_sbrked_mem
                0x20000668        0x4 c:/program files (x86)/atollic/truestudio for arm 5.4.2/armtools/bin/../lib/gcc/arm-atollic-eabi/4.8.3/../../../../arm-atollic-eabi/lib/armv6-m\libc.a(lib_a-mallocr.o)
                0x20000668                __malloc_max_sbrked_mem
 .bss.__malloc_top_pad
                0x2000066c        0x4 c:/program files (x86)/atollic/truestudio for arm 5.4.2/armtools/bin/../lib/gcc/arm-atollic-eabi/4.8.3/../../../../arm-atollic-eabi/lib/armv6-m\libc.a(lib_a-mallocr.o)
                0x2000066c                __malloc_top_pad
 .bss.__malloc_current_mallinfo
                0x20000670       0x28 c:/program files (x86)/atollic/truestudio for arm 5.4.2/armtools/bin/../lib/gcc/arm-atollic-eabi/4.8.3/../../../../arm-atollic-eabi/lib/armv6-m\libc.a(lib_a-mallocr.o)
                0x20000670                __malloc_current_mallinfo
 .bss.heap_end.5122
                0x20000698        0x4 c:/program files (x86)/atollic/truestudio for arm 5.4.2/armtools/bin/../lib/gcc/arm-atollic-eabi/4.8.3/../../../../arm-atollic-eabi/lib/armv6-m\libc.a(lib_a-syscalls.o)
 *(COMMON)
 COMMON         0x2000069c      0x1b8 Src\stm32l0xx_it.o
                0x2000069c                hspi2
                0x200006f4                huart1
                0x20000764                AdcHandle
                0x200007c4                hspi1
                0x2000081c                htim21
 COMMON         0x20000854      0x1c4 Src\main.o
                0x20000854                printStr
                0x20000886                command
                0x2000094e                selection
                0x20000950                RxChar
                0x20000954                COUNTERS
                0x20000968                channels
                0x20000988                vetvy
 COMMON         0x20000a18       0x14 Src\1602.o
                0x20000a18                DisplayGPIO
 COMMON         0x20000a2c       0x18 Drivers\STM32L0xx_HAL_Driver\Src\stm32l0xx_hal_flash.o
                0x20000a2c                ProcFlash
 COMMON         0x20000a44        0x4 c:/program files (x86)/atollic/truestudio for arm 5.4.2/armtools/bin/../lib/gcc/arm-atollic-eabi/4.8.3/../../../../arm-atollic-eabi/lib/armv6-m\libc.a(lib_a-reent.o)
                0x20000a44                errno
                0x20000a48                . = ALIGN (0x4)
                0x20000a48                _ebss = .
                0x20000a48                __bss_end__ = _ebss

._user_heap_stack
                0x20000a48      0x400 load address 0x0800cb40
                0x20000a48                . = ALIGN (0x4)
                0x20000a48                PROVIDE (end, .)
                0x20000a48                PROVIDE (_end, .)
                0x20000a48                . = (. + _Min_Heap_Size)
                0x20000e48                . = (. + _Min_Stack_Size)
 *fill*         0x20000a48      0x400 
                0x20000e48                . = ALIGN (0x4)

/DISCARD/
 libc.a(*)
 libm.a(*)
 libgcc.a(*)

.ARM.attributes
                0x00000000       0x28
 *(.ARM.attributes)
 .ARM.attributes
                0x00000000       0x1e c:/program files (x86)/atollic/truestudio for arm 5.4.2/armtools/bin/../lib/gcc/arm-atollic-eabi/4.8.3/armv6-m/crti.o
 .ARM.attributes
                0x0000001e       0x2c c:/program files (x86)/atollic/truestudio for arm 5.4.2/armtools/bin/../lib/gcc/arm-atollic-eabi/4.8.3/armv6-m/crtbegin.o
 .ARM.attributes
                0x0000004a       0x32 Src\stm32l0xx_it.o
 .ARM.attributes
                0x0000007c       0x32 Src\stm32l0xx_hal_msp.o
 .ARM.attributes
                0x000000ae       0x32 Src\main.o
 .ARM.attributes
                0x000000e0       0x32 Src\hw.o
 .ARM.attributes
                0x00000112       0x32 Src\1602.o
 .ARM.attributes
                0x00000144       0x32 Drivers\STM32L0xx_HAL_Driver\Src\stm32l0xx_hal_uart_ex.o
 .ARM.attributes
                0x00000176       0x32 Drivers\STM32L0xx_HAL_Driver\Src\stm32l0xx_hal_uart.o
 .ARM.attributes
                0x000001a8       0x32 Drivers\STM32L0xx_HAL_Driver\Src\stm32l0xx_hal_tim.o
 .ARM.attributes
                0x000001da       0x32 Drivers\STM32L0xx_HAL_Driver\Src\stm32l0xx_hal_spi.o
 .ARM.attributes
                0x0000020c       0x32 Drivers\STM32L0xx_HAL_Driver\Src\stm32l0xx_hal_rcc_ex.o
 .ARM.attributes
                0x0000023e       0x32 Drivers\STM32L0xx_HAL_Driver\Src\stm32l0xx_hal_rcc.o
 .ARM.attributes
                0x00000270       0x32 Drivers\STM32L0xx_HAL_Driver\Src\stm32l0xx_hal_gpio.o
 .ARM.attributes
                0x000002a2       0x32 Drivers\STM32L0xx_HAL_Driver\Src\stm32l0xx_hal_flash_ex.o
 .ARM.attributes
                0x000002d4       0x32 Drivers\STM32L0xx_HAL_Driver\Src\stm32l0xx_hal_flash.o
 .ARM.attributes
                0x00000306       0x32 Drivers\STM32L0xx_HAL_Driver\Src\stm32l0xx_hal_cortex.o
 .ARM.attributes
                0x00000338       0x32 Drivers\STM32L0xx_HAL_Driver\Src\stm32l0xx_hal_adc_ex.o
 .ARM.attributes
                0x0000036a       0x32 Drivers\STM32L0xx_HAL_Driver\Src\stm32l0xx_hal_adc.o
 .ARM.attributes
                0x0000039c       0x32 Drivers\STM32L0xx_HAL_Driver\Src\stm32l0xx_hal.o
 .ARM.attributes
                0x000003ce       0x32 Drivers\CMSIS\Device\ST\STM32L0xx\Source\Templates\system_stm32l0xx.o
 .ARM.attributes
                0x00000400       0x22 Drivers\CMSIS\Device\ST\STM32L0xx\Source\Templates\gcc\startup_stm32l052xx.o
 .ARM.attributes
                0x00000422       0x2c c:/program files (x86)/atollic/truestudio for arm 5.4.2/armtools/bin/../lib/gcc/arm-atollic-eabi/4.8.3/../../../../arm-atollic-eabi/lib/armv6-m\libc.a(lib_a-atoff.o)
 .ARM.attributes
                0x0000044e       0x2c c:/program files (x86)/atollic/truestudio for arm 5.4.2/armtools/bin/../lib/gcc/arm-atollic-eabi/4.8.3/../../../../arm-atollic-eabi/lib/armv6-m\libc.a(lib_a-atoi.o)
 .ARM.attributes
                0x0000047a       0x2c c:/program files (x86)/atollic/truestudio for arm 5.4.2/armtools/bin/../lib/gcc/arm-atollic-eabi/4.8.3/../../../../arm-atollic-eabi/lib/armv6-m\libc.a(lib_a-init.o)
 .ARM.attributes
                0x000004a6       0x2c c:/program files (x86)/atollic/truestudio for arm 5.4.2/armtools/bin/../lib/gcc/arm-atollic-eabi/4.8.3/../../../../arm-atollic-eabi/lib/armv6-m\libc.a(lib_a-malloc.o)
 .ARM.attributes
                0x000004d2       0x2c c:/program files (x86)/atollic/truestudio for arm 5.4.2/armtools/bin/../lib/gcc/arm-atollic-eabi/4.8.3/../../../../arm-atollic-eabi/lib/armv6-m\libc.a(lib_a-mallocr.o)
 .ARM.attributes
                0x000004fe       0x2c c:/program files (x86)/atollic/truestudio for arm 5.4.2/armtools/bin/../lib/gcc/arm-atollic-eabi/4.8.3/../../../../arm-atollic-eabi/lib/armv6-m\libc.a(lib_a-memcpy-stub.o)
 .ARM.attributes
                0x0000052a       0x2c c:/program files (x86)/atollic/truestudio for arm 5.4.2/armtools/bin/../lib/gcc/arm-atollic-eabi/4.8.3/../../../../arm-atollic-eabi/lib/armv6-m\libc.a(lib_a-mlock.o)
 .ARM.attributes
                0x00000556       0x2c c:/program files (x86)/atollic/truestudio for arm 5.4.2/armtools/bin/../lib/gcc/arm-atollic-eabi/4.8.3/../../../../arm-atollic-eabi/lib/armv6-m\libc.a(lib_a-sbrkr.o)
 .ARM.attributes
                0x00000582       0x2c c:/program files (x86)/atollic/truestudio for arm 5.4.2/armtools/bin/../lib/gcc/arm-atollic-eabi/4.8.3/../../../../arm-atollic-eabi/lib/armv6-m\libc.a(lib_a-sprintf.o)
 .ARM.attributes
                0x000005ae       0x1c c:/program files (x86)/atollic/truestudio for arm 5.4.2/armtools/bin/../lib/gcc/arm-atollic-eabi/4.8.3/../../../../arm-atollic-eabi/lib/armv6-m\libc.a(lib_a-strcmp.o)
 .ARM.attributes
                0x000005ca       0x2c c:/program files (x86)/atollic/truestudio for arm 5.4.2/armtools/bin/../lib/gcc/arm-atollic-eabi/4.8.3/../../../../arm-atollic-eabi/lib/armv6-m\libc.a(lib_a-strcpy.o)
 .ARM.attributes
                0x000005f6       0x2c c:/program files (x86)/atollic/truestudio for arm 5.4.2/armtools/bin/../lib/gcc/arm-atollic-eabi/4.8.3/../../../../arm-atollic-eabi/lib/armv6-m\libc.a(lib_a-strlen.o)
 .ARM.attributes
                0x00000622       0x2c c:/program files (x86)/atollic/truestudio for arm 5.4.2/armtools/bin/../lib/gcc/arm-atollic-eabi/4.8.3/../../../../arm-atollic-eabi/lib/armv6-m\libc.a(lib_a-strtod.o)
 .ARM.attributes
                0x0000064e       0x2c c:/program files (x86)/atollic/truestudio for arm 5.4.2/armtools/bin/../lib/gcc/arm-atollic-eabi/4.8.3/../../../../arm-atollic-eabi/lib/armv6-m\libc.a(lib_a-strtol.o)
 .ARM.attributes
                0x0000067a       0x2c c:/program files (x86)/atollic/truestudio for arm 5.4.2/armtools/bin/../lib/gcc/arm-atollic-eabi/4.8.3/../../../../arm-atollic-eabi/lib/armv6-m\libc.a(lib_a-svfprintf.o)
 .ARM.attributes
                0x000006a6       0x2c c:/program files (x86)/atollic/truestudio for arm 5.4.2/armtools/bin/../lib/gcc/arm-atollic-eabi/4.8.3/../../../../arm-atollic-eabi/lib/armv6-m\libc.a(lib_a-syscalls.o)
 .ARM.attributes
                0x000006d2       0x2c c:/program files (x86)/atollic/truestudio for arm 5.4.2/armtools/bin/../lib/gcc/arm-atollic-eabi/4.8.3/../../../../arm-atollic-eabi/lib/armv6-m\libc.a(lib_a-ctype_.o)
 .ARM.attributes
                0x000006fe       0x2c c:/program files (x86)/atollic/truestudio for arm 5.4.2/armtools/bin/../lib/gcc/arm-atollic-eabi/4.8.3/../../../../arm-atollic-eabi/lib/armv6-m\libc.a(lib_a-dtoa.o)
 .ARM.attributes
                0x0000072a       0x2c c:/program files (x86)/atollic/truestudio for arm 5.4.2/armtools/bin/../lib/gcc/arm-atollic-eabi/4.8.3/../../../../arm-atollic-eabi/lib/armv6-m\libc.a(lib_a-freer.o)
 .ARM.attributes
                0x00000756       0x2c c:/program files (x86)/atollic/truestudio for arm 5.4.2/armtools/bin/../lib/gcc/arm-atollic-eabi/4.8.3/../../../../arm-atollic-eabi/lib/armv6-m\libc.a(lib_a-gdtoa-gethex.o)
 .ARM.attributes
                0x00000782       0x2c c:/program files (x86)/atollic/truestudio for arm 5.4.2/armtools/bin/../lib/gcc/arm-atollic-eabi/4.8.3/../../../../arm-atollic-eabi/lib/armv6-m\libc.a(lib_a-gdtoa-hexnan.o)
 .ARM.attributes
                0x000007ae       0x2c c:/program files (x86)/atollic/truestudio for arm 5.4.2/armtools/bin/../lib/gcc/arm-atollic-eabi/4.8.3/../../../../arm-atollic-eabi/lib/armv6-m\libc.a(lib_a-impure.o)
 .ARM.attributes
                0x000007da       0x2c c:/program files (x86)/atollic/truestudio for arm 5.4.2/armtools/bin/../lib/gcc/arm-atollic-eabi/4.8.3/../../../../arm-atollic-eabi/lib/armv6-m\libc.a(lib_a-locale.o)
 .ARM.attributes
                0x00000806       0x2c c:/program files (x86)/atollic/truestudio for arm 5.4.2/armtools/bin/../lib/gcc/arm-atollic-eabi/4.8.3/../../../../arm-atollic-eabi/lib/armv6-m\libc.a(lib_a-memchr-stub.o)
 .ARM.attributes
                0x00000832       0x2c c:/program files (x86)/atollic/truestudio for arm 5.4.2/armtools/bin/../lib/gcc/arm-atollic-eabi/4.8.3/../../../../arm-atollic-eabi/lib/armv6-m\libc.a(lib_a-mprec.o)
 .ARM.attributes
                0x0000085e       0x2c c:/program files (x86)/atollic/truestudio for arm 5.4.2/armtools/bin/../lib/gcc/arm-atollic-eabi/4.8.3/../../../../arm-atollic-eabi/lib/armv6-m\libc.a(lib_a-reent.o)
 .ARM.attributes
                0x0000088a       0x2c c:/program files (x86)/atollic/truestudio for arm 5.4.2/armtools/bin/../lib/gcc/arm-atollic-eabi/4.8.3/../../../../arm-atollic-eabi/lib/armv6-m\libc.a(lib_a-s_fpclassify.o)
 .ARM.attributes
                0x000008b6       0x2c c:/program files (x86)/atollic/truestudio for arm 5.4.2/armtools/bin/../lib/gcc/arm-atollic-eabi/4.8.3/../../../../arm-atollic-eabi/lib/armv6-m\libc.a(lib_a-sf_nan.o)
 .ARM.attributes
                0x000008e2       0x2c c:/program files (x86)/atollic/truestudio for arm 5.4.2/armtools/bin/../lib/gcc/arm-atollic-eabi/4.8.3/../../../../arm-atollic-eabi/lib/armv6-m\libc.a(lib_a-strncmp.o)
 .ARM.attributes
                0x0000090e       0x2c c:/program files (x86)/atollic/truestudio for arm 5.4.2/armtools/bin/../lib/gcc/arm-atollic-eabi/4.8.3/../../../../arm-atollic-eabi/lib/armv6-m\libc.a(lib_a-svfiprintf.o)
 .ARM.attributes
                0x0000093a       0x2c c:/program files (x86)/atollic/truestudio for arm 5.4.2/armtools/bin/../lib/gcc/arm-atollic-eabi/4.8.3/../../../../arm-atollic-eabi/lib/armv6-m\libc.a(lib_a-callocr.o)
 .ARM.attributes
                0x00000966       0x2c c:/program files (x86)/atollic/truestudio for arm 5.4.2/armtools/bin/../lib/gcc/arm-atollic-eabi/4.8.3/../../../../arm-atollic-eabi/lib/armv6-m\libc.a(lib_a-memmove.o)
 .ARM.attributes
                0x00000992       0x2c c:/program files (x86)/atollic/truestudio for arm 5.4.2/armtools/bin/../lib/gcc/arm-atollic-eabi/4.8.3/../../../../arm-atollic-eabi/lib/armv6-m\libc.a(lib_a-memset.o)
 .ARM.attributes
                0x000009be       0x2c c:/program files (x86)/atollic/truestudio for arm 5.4.2/armtools/bin/../lib/gcc/arm-atollic-eabi/4.8.3/../../../../arm-atollic-eabi/lib/armv6-m\libc.a(lib_a-reallocr.o)
 .ARM.attributes
                0x000009ea       0x2c c:/program files (x86)/atollic/truestudio for arm 5.4.2/armtools/bin/../lib/gcc/arm-atollic-eabi/4.8.3/../../../../arm-atollic-eabi/lib/armv6-m\libm.a(lib_a-s_round.o)
 .ARM.attributes
                0x00000a16       0x2c c:/program files (x86)/atollic/truestudio for arm 5.4.2/armtools/bin/../lib/gcc/arm-atollic-eabi/4.8.3/../../../../arm-atollic-eabi/lib/armv6-m\libm.a(lib_a-w_log.o)
 .ARM.attributes
                0x00000a42       0x2c c:/program files (x86)/atollic/truestudio for arm 5.4.2/armtools/bin/../lib/gcc/arm-atollic-eabi/4.8.3/../../../../arm-atollic-eabi/lib/armv6-m\libm.a(lib_a-e_log.o)
 .ARM.attributes
                0x00000a6e       0x2c c:/program files (x86)/atollic/truestudio for arm 5.4.2/armtools/bin/../lib/gcc/arm-atollic-eabi/4.8.3/../../../../arm-atollic-eabi/lib/armv6-m\libm.a(lib_a-s_lib_ver.o)
 .ARM.attributes
                0x00000a9a       0x2c c:/program files (x86)/atollic/truestudio for arm 5.4.2/armtools/bin/../lib/gcc/arm-atollic-eabi/4.8.3/../../../../arm-atollic-eabi/lib/armv6-m\libm.a(lib_a-s_matherr.o)
 .ARM.attributes
                0x00000ac6       0x2c c:/program files (x86)/atollic/truestudio for arm 5.4.2/armtools/bin/../lib/gcc/arm-atollic-eabi/4.8.3/../../../../arm-atollic-eabi/lib/armv6-m\libm.a(lib_a-s_nan.o)
 .ARM.attributes
                0x00000af2       0x2c c:/program files (x86)/atollic/truestudio for arm 5.4.2/armtools/bin/../lib/gcc/arm-atollic-eabi/4.8.3/../../../../arm-atollic-eabi/lib/armv6-m\libc.a(lib_a-errno.o)
 .ARM.attributes
                0x00000b1e       0x1e c:/program files (x86)/atollic/truestudio for arm 5.4.2/armtools/bin/../lib/gcc/arm-atollic-eabi/4.8.3/armv6-m\libgcc.a(_thumb1_case_uqi.o)
 .ARM.attributes
                0x00000b3c       0x1e c:/program files (x86)/atollic/truestudio for arm 5.4.2/armtools/bin/../lib/gcc/arm-atollic-eabi/4.8.3/armv6-m\libgcc.a(_thumb1_case_uhi.o)
 .ARM.attributes
                0x00000b5a       0x1e c:/program files (x86)/atollic/truestudio for arm 5.4.2/armtools/bin/../lib/gcc/arm-atollic-eabi/4.8.3/armv6-m\libgcc.a(_udivsi3.o)
 .ARM.attributes
                0x00000b78       0x1e c:/program files (x86)/atollic/truestudio for arm 5.4.2/armtools/bin/../lib/gcc/arm-atollic-eabi/4.8.3/armv6-m\libgcc.a(_divsi3.o)
 .ARM.attributes
                0x00000b96       0x1e c:/program files (x86)/atollic/truestudio for arm 5.4.2/armtools/bin/../lib/gcc/arm-atollic-eabi/4.8.3/armv6-m\libgcc.a(_dvmd_tls.o)
 .ARM.attributes
                0x00000bb4       0x1e c:/program files (x86)/atollic/truestudio for arm 5.4.2/armtools/bin/../lib/gcc/arm-atollic-eabi/4.8.3/armv6-m\libgcc.a(_arm_cmpdf2.o)
 .ARM.attributes
                0x00000bd2       0x1e c:/program files (x86)/atollic/truestudio for arm 5.4.2/armtools/bin/../lib/gcc/arm-atollic-eabi/4.8.3/armv6-m\libgcc.a(_arm_cmpsf2.o)
 .ARM.attributes
                0x00000bf0       0x1e c:/program files (x86)/atollic/truestudio for arm 5.4.2/armtools/bin/../lib/gcc/arm-atollic-eabi/4.8.3/armv6-m\libgcc.a(_aeabi_uldivmod.o)
 .ARM.attributes
                0x00000c0e       0x2c c:/program files (x86)/atollic/truestudio for arm 5.4.2/armtools/bin/../lib/gcc/arm-atollic-eabi/4.8.3/armv6-m\libgcc.a(_fixunsdfsi.o)
 .ARM.attributes
                0x00000c3a       0x2c c:/program files (x86)/atollic/truestudio for arm 5.4.2/armtools/bin/../lib/gcc/arm-atollic-eabi/4.8.3/armv6-m\libgcc.a(bpabi.o)
 .ARM.attributes
                0x00000c66       0x2c c:/program files (x86)/atollic/truestudio for arm 5.4.2/armtools/bin/../lib/gcc/arm-atollic-eabi/4.8.3/armv6-m\libgcc.a(divsf3.o)
 .ARM.attributes
                0x00000c92       0x2c c:/program files (x86)/atollic/truestudio for arm 5.4.2/armtools/bin/../lib/gcc/arm-atollic-eabi/4.8.3/armv6-m\libgcc.a(eqsf2.o)
 .ARM.attributes
                0x00000cbe       0x2c c:/program files (x86)/atollic/truestudio for arm 5.4.2/armtools/bin/../lib/gcc/arm-atollic-eabi/4.8.3/armv6-m\libgcc.a(gesf2.o)
 .ARM.attributes
                0x00000cea       0x2c c:/program files (x86)/atollic/truestudio for arm 5.4.2/armtools/bin/../lib/gcc/arm-atollic-eabi/4.8.3/armv6-m\libgcc.a(lesf2.o)
 .ARM.attributes
                0x00000d16       0x2c c:/program files (x86)/atollic/truestudio for arm 5.4.2/armtools/bin/../lib/gcc/arm-atollic-eabi/4.8.3/armv6-m\libgcc.a(mulsf3.o)
 .ARM.attributes
                0x00000d42       0x2c c:/program files (x86)/atollic/truestudio for arm 5.4.2/armtools/bin/../lib/gcc/arm-atollic-eabi/4.8.3/armv6-m\libgcc.a(subsf3.o)
 .ARM.attributes
                0x00000d6e       0x2c c:/program files (x86)/atollic/truestudio for arm 5.4.2/armtools/bin/../lib/gcc/arm-atollic-eabi/4.8.3/armv6-m\libgcc.a(fixsfsi.o)
 .ARM.attributes
                0x00000d9a       0x2c c:/program files (x86)/atollic/truestudio for arm 5.4.2/armtools/bin/../lib/gcc/arm-atollic-eabi/4.8.3/armv6-m\libgcc.a(floatsisf.o)
 .ARM.attributes
                0x00000dc6       0x2c c:/program files (x86)/atollic/truestudio for arm 5.4.2/armtools/bin/../lib/gcc/arm-atollic-eabi/4.8.3/armv6-m\libgcc.a(floatunsisf.o)
 .ARM.attributes
                0x00000df2       0x2c c:/program files (x86)/atollic/truestudio for arm 5.4.2/armtools/bin/../lib/gcc/arm-atollic-eabi/4.8.3/armv6-m\libgcc.a(adddf3.o)
 .ARM.attributes
                0x00000e1e       0x2c c:/program files (x86)/atollic/truestudio for arm 5.4.2/armtools/bin/../lib/gcc/arm-atollic-eabi/4.8.3/armv6-m\libgcc.a(divdf3.o)
 .ARM.attributes
                0x00000e4a       0x2c c:/program files (x86)/atollic/truestudio for arm 5.4.2/armtools/bin/../lib/gcc/arm-atollic-eabi/4.8.3/armv6-m\libgcc.a(eqdf2.o)
 .ARM.attributes
                0x00000e76       0x2c c:/program files (x86)/atollic/truestudio for arm 5.4.2/armtools/bin/../lib/gcc/arm-atollic-eabi/4.8.3/armv6-m\libgcc.a(gedf2.o)
 .ARM.attributes
                0x00000ea2       0x2c c:/program files (x86)/atollic/truestudio for arm 5.4.2/armtools/bin/../lib/gcc/arm-atollic-eabi/4.8.3/armv6-m\libgcc.a(ledf2.o)
 .ARM.attributes
                0x00000ece       0x2c c:/program files (x86)/atollic/truestudio for arm 5.4.2/armtools/bin/../lib/gcc/arm-atollic-eabi/4.8.3/armv6-m\libgcc.a(muldf3.o)
 .ARM.attributes
                0x00000efa       0x2c c:/program files (x86)/atollic/truestudio for arm 5.4.2/armtools/bin/../lib/gcc/arm-atollic-eabi/4.8.3/armv6-m\libgcc.a(subdf3.o)
 .ARM.attributes
                0x00000f26       0x2c c:/program files (x86)/atollic/truestudio for arm 5.4.2/armtools/bin/../lib/gcc/arm-atollic-eabi/4.8.3/armv6-m\libgcc.a(fixdfsi.o)
 .ARM.attributes
                0x00000f52       0x2c c:/program files (x86)/atollic/truestudio for arm 5.4.2/armtools/bin/../lib/gcc/arm-atollic-eabi/4.8.3/armv6-m\libgcc.a(floatsidf.o)
 .ARM.attributes
                0x00000f7e       0x2c c:/program files (x86)/atollic/truestudio for arm 5.4.2/armtools/bin/../lib/gcc/arm-atollic-eabi/4.8.3/armv6-m\libgcc.a(floatunsidf.o)
 .ARM.attributes
                0x00000faa       0x2c c:/program files (x86)/atollic/truestudio for arm 5.4.2/armtools/bin/../lib/gcc/arm-atollic-eabi/4.8.3/armv6-m\libgcc.a(extendsfdf2.o)
 .ARM.attributes
                0x00000fd6       0x2c c:/program files (x86)/atollic/truestudio for arm 5.4.2/armtools/bin/../lib/gcc/arm-atollic-eabi/4.8.3/armv6-m\libgcc.a(truncdfsf2.o)
 .ARM.attributes
                0x00001002       0x1e c:/program files (x86)/atollic/truestudio for arm 5.4.2/armtools/bin/../lib/gcc/arm-atollic-eabi/4.8.3/armv6-m\libgcc.a(_clzsi2.o)
 .ARM.attributes
                0x00001020       0x2c c:/program files (x86)/atollic/truestudio for arm 5.4.2/armtools/bin/../lib/gcc/arm-atollic-eabi/4.8.3/armv6-m\libgcc.a(_muldi3.o)
 .ARM.attributes
                0x0000104c       0x2c c:/program files (x86)/atollic/truestudio for arm 5.4.2/armtools/bin/../lib/gcc/arm-atollic-eabi/4.8.3/armv6-m\libgcc.a(_divdi3.o)
 .ARM.attributes
                0x00001078       0x2c c:/program files (x86)/atollic/truestudio for arm 5.4.2/armtools/bin/../lib/gcc/arm-atollic-eabi/4.8.3/armv6-m\libgcc.a(_udivdi3.o)
 .ARM.attributes
                0x000010a4       0x1e c:/program files (x86)/atollic/truestudio for arm 5.4.2/armtools/bin/../lib/gcc/arm-atollic-eabi/4.8.3/armv6-m/crtn.o
OUTPUT(CubeMC Configuration.elf elf32-littlearm)

.debug_info     0x00000000    0x12faf
 .debug_info    0x00000000      0xdc2 Src\stm32l0xx_it.o
 .debug_info    0x00000dc2     0x1341 Src\stm32l0xx_hal_msp.o
 .debug_info    0x00002103     0x3617 Src\main.o
 .debug_info    0x0000571a     0x1669 Src\hw.o
 .debug_info    0x00006d83      0xa34 Src\1602.o
 .debug_info    0x000077b7      0x8a4 Drivers\STM32L0xx_HAL_Driver\Src\stm32l0xx_hal_uart_ex.o
 .debug_info    0x0000805b     0x13fb Drivers\STM32L0xx_HAL_Driver\Src\stm32l0xx_hal_uart.o
 .debug_info    0x00009456     0x3396 Drivers\STM32L0xx_HAL_Driver\Src\stm32l0xx_hal_tim.o
 .debug_info    0x0000c7ec     0x14b4 Drivers\STM32L0xx_HAL_Driver\Src\stm32l0xx_hal_spi.o
 .debug_info    0x0000dca0      0x768 Drivers\STM32L0xx_HAL_Driver\Src\stm32l0xx_hal_rcc_ex.o
 .debug_info    0x0000e408      0xa9c Drivers\STM32L0xx_HAL_Driver\Src\stm32l0xx_hal_rcc.o
 .debug_info    0x0000eea4      0x62b Drivers\STM32L0xx_HAL_Driver\Src\stm32l0xx_hal_gpio.o
 .debug_info    0x0000f4cf      0xb9e Drivers\STM32L0xx_HAL_Driver\Src\stm32l0xx_hal_flash_ex.o
 .debug_info    0x0001006d      0x563 Drivers\STM32L0xx_HAL_Driver\Src\stm32l0xx_hal_flash.o
 .debug_info    0x000105d0      0x8c2 Drivers\STM32L0xx_HAL_Driver\Src\stm32l0xx_hal_cortex.o
 .debug_info    0x00010e92      0x713 Drivers\STM32L0xx_HAL_Driver\Src\stm32l0xx_hal_adc_ex.o
 .debug_info    0x000115a5      0xe86 Drivers\STM32L0xx_HAL_Driver\Src\stm32l0xx_hal_adc.o
 .debug_info    0x0001242b      0x77d Drivers\STM32L0xx_HAL_Driver\Src\stm32l0xx_hal.o
 .debug_info    0x00012ba8      0x345 Drivers\CMSIS\Device\ST\STM32L0xx\Source\Templates\system_stm32l0xx.o
 .debug_info    0x00012eed       0xc2 Drivers\CMSIS\Device\ST\STM32L0xx\Source\Templates\gcc\startup_stm32l052xx.o

.debug_abbrev   0x00000000     0x2a8e
 .debug_abbrev  0x00000000      0x187 Src\stm32l0xx_it.o
 .debug_abbrev  0x00000187      0x199 Src\stm32l0xx_hal_msp.o
 .debug_abbrev  0x00000320      0x482 Src\main.o
 .debug_abbrev  0x000007a2      0x1f2 Src\hw.o
 .debug_abbrev  0x00000994      0x231 Src\1602.o
 .debug_abbrev  0x00000bc5      0x214 Drivers\STM32L0xx_HAL_Driver\Src\stm32l0xx_hal_uart_ex.o
 .debug_abbrev  0x00000dd9      0x263 Drivers\STM32L0xx_HAL_Driver\Src\stm32l0xx_hal_uart.o
 .debug_abbrev  0x0000103c      0x2e1 Drivers\STM32L0xx_HAL_Driver\Src\stm32l0xx_hal_tim.o
 .debug_abbrev  0x0000131d      0x2b9 Drivers\STM32L0xx_HAL_Driver\Src\stm32l0xx_hal_spi.o
 .debug_abbrev  0x000015d6      0x20b Drivers\STM32L0xx_HAL_Driver\Src\stm32l0xx_hal_rcc_ex.o
 .debug_abbrev  0x000017e1      0x27f Drivers\STM32L0xx_HAL_Driver\Src\stm32l0xx_hal_rcc.o
 .debug_abbrev  0x00001a60      0x1c3 Drivers\STM32L0xx_HAL_Driver\Src\stm32l0xx_hal_gpio.o
 .debug_abbrev  0x00001c23      0x2cc Drivers\STM32L0xx_HAL_Driver\Src\stm32l0xx_hal_flash_ex.o
 .debug_abbrev  0x00001eef      0x21a Drivers\STM32L0xx_HAL_Driver\Src\stm32l0xx_hal_flash.o
 .debug_abbrev  0x00002109      0x255 Drivers\STM32L0xx_HAL_Driver\Src\stm32l0xx_hal_cortex.o
 .debug_abbrev  0x0000235e      0x19c Drivers\STM32L0xx_HAL_Driver\Src\stm32l0xx_hal_adc_ex.o
 .debug_abbrev  0x000024fa      0x26c Drivers\STM32L0xx_HAL_Driver\Src\stm32l0xx_hal_adc.o
 .debug_abbrev  0x00002766      0x226 Drivers\STM32L0xx_HAL_Driver\Src\stm32l0xx_hal.o
 .debug_abbrev  0x0000298c       0xf0 Drivers\CMSIS\Device\ST\STM32L0xx\Source\Templates\system_stm32l0xx.o
 .debug_abbrev  0x00002a7c       0x12 Drivers\CMSIS\Device\ST\STM32L0xx\Source\Templates\gcc\startup_stm32l052xx.o

.debug_aranges  0x00000000      0xe20
 .debug_aranges
                0x00000000       0x40 Src\stm32l0xx_it.o
 .debug_aranges
                0x00000040       0x60 Src\stm32l0xx_hal_msp.o
 .debug_aranges
                0x000000a0      0x110 Src\main.o
 .debug_aranges
                0x000001b0       0x50 Src\hw.o
 .debug_aranges
                0x00000200       0x78 Src\1602.o
 .debug_aranges
                0x00000278       0x58 Drivers\STM32L0xx_HAL_Driver\Src\stm32l0xx_hal_uart_ex.o
 .debug_aranges
                0x000002d0      0x150 Drivers\STM32L0xx_HAL_Driver\Src\stm32l0xx_hal_uart.o
 .debug_aranges
                0x00000420      0x320 Drivers\STM32L0xx_HAL_Driver\Src\stm32l0xx_hal_tim.o
 .debug_aranges
                0x00000740      0x148 Drivers\STM32L0xx_HAL_Driver\Src\stm32l0xx_hal_spi.o
 .debug_aranges
                0x00000888       0x90 Drivers\STM32L0xx_HAL_Driver\Src\stm32l0xx_hal_rcc_ex.o
 .debug_aranges
                0x00000918       0x80 Drivers\STM32L0xx_HAL_Driver\Src\stm32l0xx_hal_rcc.o
 .debug_aranges
                0x00000998       0x58 Drivers\STM32L0xx_HAL_Driver\Src\stm32l0xx_hal_gpio.o
 .debug_aranges
                0x000009f0       0x98 Drivers\STM32L0xx_HAL_Driver\Src\stm32l0xx_hal_flash_ex.o
 .debug_aranges
                0x00000a88       0x88 Drivers\STM32L0xx_HAL_Driver\Src\stm32l0xx_hal_flash.o
 .debug_aranges
                0x00000b10       0x80 Drivers\STM32L0xx_HAL_Driver\Src\stm32l0xx_hal_cortex.o
 .debug_aranges
                0x00000b90       0x50 Drivers\STM32L0xx_HAL_Driver\Src\stm32l0xx_hal_adc_ex.o
 .debug_aranges
                0x00000be0      0x100 Drivers\STM32L0xx_HAL_Driver\Src\stm32l0xx_hal_adc.o
 .debug_aranges
                0x00000ce0       0xf0 Drivers\STM32L0xx_HAL_Driver\Src\stm32l0xx_hal.o
 .debug_aranges
                0x00000dd0       0x28 Drivers\CMSIS\Device\ST\STM32L0xx\Source\Templates\system_stm32l0xx.o
 .debug_aranges
                0x00000df8       0x28 Drivers\CMSIS\Device\ST\STM32L0xx\Source\Templates\gcc\startup_stm32l052xx.o

.debug_ranges   0x00000000     0x1180
 .debug_ranges  0x00000000       0x30 Src\stm32l0xx_it.o
 .debug_ranges  0x00000030       0xb0 Src\stm32l0xx_hal_msp.o
 .debug_ranges  0x000000e0      0x1a8 Src\main.o
 .debug_ranges  0x00000288       0xb8 Src\hw.o
 .debug_ranges  0x00000340       0xc8 Src\1602.o
 .debug_ranges  0x00000408       0x48 Drivers\STM32L0xx_HAL_Driver\Src\stm32l0xx_hal_uart_ex.o
 .debug_ranges  0x00000450      0x140 Drivers\STM32L0xx_HAL_Driver\Src\stm32l0xx_hal_uart.o
 .debug_ranges  0x00000590      0x4e0 Drivers\STM32L0xx_HAL_Driver\Src\stm32l0xx_hal_tim.o
 .debug_ranges  0x00000a70      0x138 Drivers\STM32L0xx_HAL_Driver\Src\stm32l0xx_hal_spi.o
 .debug_ranges  0x00000ba8       0x80 Drivers\STM32L0xx_HAL_Driver\Src\stm32l0xx_hal_rcc_ex.o
 .debug_ranges  0x00000c28       0x98 Drivers\STM32L0xx_HAL_Driver\Src\stm32l0xx_hal_rcc.o
 .debug_ranges  0x00000cc0       0x48 Drivers\STM32L0xx_HAL_Driver\Src\stm32l0xx_hal_gpio.o
 .debug_ranges  0x00000d08       0xe8 Drivers\STM32L0xx_HAL_Driver\Src\stm32l0xx_hal_flash_ex.o
 .debug_ranges  0x00000df0       0x78 Drivers\STM32L0xx_HAL_Driver\Src\stm32l0xx_hal_flash.o
 .debug_ranges  0x00000e68       0xd0 Drivers\STM32L0xx_HAL_Driver\Src\stm32l0xx_hal_cortex.o
 .debug_ranges  0x00000f38       0x40 Drivers\STM32L0xx_HAL_Driver\Src\stm32l0xx_hal_adc_ex.o
 .debug_ranges  0x00000f78       0xf0 Drivers\STM32L0xx_HAL_Driver\Src\stm32l0xx_hal_adc.o
 .debug_ranges  0x00001068       0xe0 Drivers\STM32L0xx_HAL_Driver\Src\stm32l0xx_hal.o
 .debug_ranges  0x00001148       0x18 Drivers\CMSIS\Device\ST\STM32L0xx\Source\Templates\system_stm32l0xx.o
 .debug_ranges  0x00001160       0x20 Drivers\CMSIS\Device\ST\STM32L0xx\Source\Templates\gcc\startup_stm32l052xx.o

.debug_line     0x00000000     0x6e72
 .debug_line    0x00000000      0x2c2 Src\stm32l0xx_it.o
 .debug_line    0x000002c2      0x355 Src\stm32l0xx_hal_msp.o
 .debug_line    0x00000617      0xa51 Src\main.o
 .debug_line    0x00001068      0x3df Src\hw.o
 .debug_line    0x00001447      0x317 Src\1602.o
 .debug_line    0x0000175e      0x3bc Drivers\STM32L0xx_HAL_Driver\Src\stm32l0xx_hal_uart_ex.o
 .debug_line    0x00001b1a      0xa49 Drivers\STM32L0xx_HAL_Driver\Src\stm32l0xx_hal_uart.o
 .debug_line    0x00002563     0x1249 Drivers\STM32L0xx_HAL_Driver\Src\stm32l0xx_hal_tim.o
 .debug_line    0x000037ac      0xb7f Drivers\STM32L0xx_HAL_Driver\Src\stm32l0xx_hal_spi.o
 .debug_line    0x0000432b      0x497 Drivers\STM32L0xx_HAL_Driver\Src\stm32l0xx_hal_rcc_ex.o
 .debug_line    0x000047c2      0x55d Drivers\STM32L0xx_HAL_Driver\Src\stm32l0xx_hal_rcc.o
 .debug_line    0x00004d1f      0x340 Drivers\STM32L0xx_HAL_Driver\Src\stm32l0xx_hal_gpio.o
 .debug_line    0x0000505f      0x4e6 Drivers\STM32L0xx_HAL_Driver\Src\stm32l0xx_hal_flash_ex.o
 .debug_line    0x00005545      0x3eb Drivers\STM32L0xx_HAL_Driver\Src\stm32l0xx_hal_flash.o
 .debug_line    0x00005930      0x3aa Drivers\STM32L0xx_HAL_Driver\Src\stm32l0xx_hal_cortex.o
 .debug_line    0x00005cda      0x301 Drivers\STM32L0xx_HAL_Driver\Src\stm32l0xx_hal_adc_ex.o
 .debug_line    0x00005fdb      0x787 Drivers\STM32L0xx_HAL_Driver\Src\stm32l0xx_hal_adc.o
 .debug_line    0x00006762      0x443 Drivers\STM32L0xx_HAL_Driver\Src\stm32l0xx_hal.o
 .debug_line    0x00006ba5      0x215 Drivers\CMSIS\Device\ST\STM32L0xx\Source\Templates\system_stm32l0xx.o
 .debug_line    0x00006dba       0xb8 Drivers\CMSIS\Device\ST\STM32L0xx\Source\Templates\gcc\startup_stm32l052xx.o

.debug_str      0x00000000     0x4256
 .debug_str     0x00000000      0xb19 Src\stm32l0xx_it.o
                                0xbc1 (size before relaxing)
 .debug_str     0x00000b19      0x3cf Src\stm32l0xx_hal_msp.o
                                0xe83 (size before relaxing)
 .debug_str     0x00000ee8      0x63c Src\main.o
                               0x1195 (size before relaxing)
 .debug_str     0x00001524      0x347 Src\hw.o
                               0x117b (size before relaxing)
 .debug_str     0x0000186b       0x9d Src\1602.o
                                0x3cd (size before relaxing)
 .debug_str     0x00001908      0x203 Drivers\STM32L0xx_HAL_Driver\Src\stm32l0xx_hal_uart_ex.o
                                0x834 (size before relaxing)
 .debug_str     0x00001b0b      0x402 Drivers\STM32L0xx_HAL_Driver\Src\stm32l0xx_hal_uart.o
                                0xbf4 (size before relaxing)
 .debug_str     0x00001f0d      0xc62 Drivers\STM32L0xx_HAL_Driver\Src\stm32l0xx_hal_tim.o
                               0x12ad (size before relaxing)
 .debug_str     0x00002b6f      0x32c Drivers\STM32L0xx_HAL_Driver\Src\stm32l0xx_hal_spi.o
                                0x936 (size before relaxing)
 .debug_str     0x00002e9b      0x2ee Drivers\STM32L0xx_HAL_Driver\Src\stm32l0xx_hal_rcc_ex.o